Archive member included to satisfy reference by file (symbol)

c:/st/stm32cubeide_1.11.0/stm32cubeide/plugins/com.st.stm32cube.ide.mcu.externaltools.gnu-tools-for-stm32.10.3-2021.10.win32_1.0.200.202301161003/tools/bin/../lib/gcc/arm-none-eabi/10.3.1/../../../../arm-none-eabi/lib/thumb/v7e-m+fp/hard\libc_nano.a(lib_a-errno.o)
                              ./Core/Src/syscalls.o (__errno)
c:/st/stm32cubeide_1.11.0/stm32cubeide/plugins/com.st.stm32cube.ide.mcu.externaltools.gnu-tools-for-stm32.10.3-2021.10.win32_1.0.200.202301161003/tools/bin/../lib/gcc/arm-none-eabi/10.3.1/../../../../arm-none-eabi/lib/thumb/v7e-m+fp/hard\libc_nano.a(lib_a-exit.o)
                              c:/st/stm32cubeide_1.11.0/stm32cubeide/plugins/com.st.stm32cube.ide.mcu.externaltools.gnu-tools-for-stm32.10.3-2021.10.win32_1.0.200.202301161003/tools/bin/../lib/gcc/arm-none-eabi/10.3.1/../../../../arm-none-eabi/lib/thumb/v7e-m+fp/hard/crt0.o (exit)
c:/st/stm32cubeide_1.11.0/stm32cubeide/plugins/com.st.stm32cube.ide.mcu.externaltools.gnu-tools-for-stm32.10.3-2021.10.win32_1.0.200.202301161003/tools/bin/../lib/gcc/arm-none-eabi/10.3.1/../../../../arm-none-eabi/lib/thumb/v7e-m+fp/hard\libc_nano.a(lib_a-impure.o)
                              c:/st/stm32cubeide_1.11.0/stm32cubeide/plugins/com.st.stm32cube.ide.mcu.externaltools.gnu-tools-for-stm32.10.3-2021.10.win32_1.0.200.202301161003/tools/bin/../lib/gcc/arm-none-eabi/10.3.1/../../../../arm-none-eabi/lib/thumb/v7e-m+fp/hard\libc_nano.a(lib_a-exit.o) (_global_impure_ptr)
c:/st/stm32cubeide_1.11.0/stm32cubeide/plugins/com.st.stm32cube.ide.mcu.externaltools.gnu-tools-for-stm32.10.3-2021.10.win32_1.0.200.202301161003/tools/bin/../lib/gcc/arm-none-eabi/10.3.1/../../../../arm-none-eabi/lib/thumb/v7e-m+fp/hard\libc_nano.a(lib_a-init.o)
                              c:/st/stm32cubeide_1.11.0/stm32cubeide/plugins/com.st.stm32cube.ide.mcu.externaltools.gnu-tools-for-stm32.10.3-2021.10.win32_1.0.200.202301161003/tools/bin/../lib/gcc/arm-none-eabi/10.3.1/../../../../arm-none-eabi/lib/thumb/v7e-m+fp/hard/crt0.o (__libc_init_array)
c:/st/stm32cubeide_1.11.0/stm32cubeide/plugins/com.st.stm32cube.ide.mcu.externaltools.gnu-tools-for-stm32.10.3-2021.10.win32_1.0.200.202301161003/tools/bin/../lib/gcc/arm-none-eabi/10.3.1/../../../../arm-none-eabi/lib/thumb/v7e-m+fp/hard\libc_nano.a(lib_a-memcpy-stub.o)
                              ./Core/lwjson/src/lwjson/lwjson_stream.o (memcpy)
c:/st/stm32cubeide_1.11.0/stm32cubeide/plugins/com.st.stm32cube.ide.mcu.externaltools.gnu-tools-for-stm32.10.3-2021.10.win32_1.0.200.202301161003/tools/bin/../lib/gcc/arm-none-eabi/10.3.1/../../../../arm-none-eabi/lib/thumb/v7e-m+fp/hard\libc_nano.a(lib_a-memset.o)
                              c:/st/stm32cubeide_1.11.0/stm32cubeide/plugins/com.st.stm32cube.ide.mcu.externaltools.gnu-tools-for-stm32.10.3-2021.10.win32_1.0.200.202301161003/tools/bin/../lib/gcc/arm-none-eabi/10.3.1/../../../../arm-none-eabi/lib/thumb/v7e-m+fp/hard/crt0.o (memset)
c:/st/stm32cubeide_1.11.0/stm32cubeide/plugins/com.st.stm32cube.ide.mcu.externaltools.gnu-tools-for-stm32.10.3-2021.10.win32_1.0.200.202301161003/tools/bin/../lib/gcc/arm-none-eabi/10.3.1/../../../../arm-none-eabi/lib/thumb/v7e-m+fp/hard\libc_nano.a(lib_a-printf.o)
                              ./Core/lwjson/src/lwjson/lwjson_debug.o (printf)
c:/st/stm32cubeide_1.11.0/stm32cubeide/plugins/com.st.stm32cube.ide.mcu.externaltools.gnu-tools-for-stm32.10.3-2021.10.win32_1.0.200.202301161003/tools/bin/../lib/gcc/arm-none-eabi/10.3.1/../../../../arm-none-eabi/lib/thumb/v7e-m+fp/hard\libc_nano.a(lib_a-putchar.o)
                              ./Core/lwjson/src/lwjson/lwjson_debug.o (putchar)
c:/st/stm32cubeide_1.11.0/stm32cubeide/plugins/com.st.stm32cube.ide.mcu.externaltools.gnu-tools-for-stm32.10.3-2021.10.win32_1.0.200.202301161003/tools/bin/../lib/gcc/arm-none-eabi/10.3.1/../../../../arm-none-eabi/lib/thumb/v7e-m+fp/hard\libc_nano.a(lib_a-snprintf.o)
                              ./Core/Src/json_generator.o (snprintf)
c:/st/stm32cubeide_1.11.0/stm32cubeide/plugins/com.st.stm32cube.ide.mcu.externaltools.gnu-tools-for-stm32.10.3-2021.10.win32_1.0.200.202301161003/tools/bin/../lib/gcc/arm-none-eabi/10.3.1/../../../../arm-none-eabi/lib/thumb/v7e-m+fp/hard\libc_nano.a(lib_a-strlen.o)
                              ./Core/lwjson/src/lwjson/lwjson.o (strlen)
c:/st/stm32cubeide_1.11.0/stm32cubeide/plugins/com.st.stm32cube.ide.mcu.externaltools.gnu-tools-for-stm32.10.3-2021.10.win32_1.0.200.202301161003/tools/bin/../lib/gcc/arm-none-eabi/10.3.1/../../../../arm-none-eabi/lib/thumb/v7e-m+fp/hard\libc_nano.a(lib_a-strncmp.o)
                              ./Core/lwjson/src/lwjson/lwjson.o (strncmp)
c:/st/stm32cubeide_1.11.0/stm32cubeide/plugins/com.st.stm32cube.ide.mcu.externaltools.gnu-tools-for-stm32.10.3-2021.10.win32_1.0.200.202301161003/tools/bin/../lib/gcc/arm-none-eabi/10.3.1/../../../../arm-none-eabi/lib/thumb/v7e-m+fp/hard\libc_nano.a(lib_a-strnlen.o)
[...]
Memory Configuration

Name             Origin             Length             Attributes
RAM              0x0000000020000000 0x0000000000018000 xrw
RAM2             0x0000000010000000 0x0000000000008000 xrw
FLASH            0x0000000008000000 0x0000000000100000 xr
*default*        0x0000000000000000 0xffffffffffffffff

Linker script and memory map

LOAD c:/st/stm32cubeide_1.11.0/stm32cubeide/plugins/com.st.stm32cube.ide.mcu.externaltools.gnu-tools-for-stm32.10.3-2021.10.win32_1.0.200.202301161003/tools/bin/../lib/gcc/arm-none-eabi/10.3.1/thumb/v7e-m+fp/hard/crti.o
LOAD c:/st/stm32cubeide_1.11.0/stm32cubeide/plugins/com.st.stm32cube.ide.mcu.externaltools.gnu-tools-for-stm32.10.3-2021.10.win32_1.0.200.202301161003/tools/bin/../lib/gcc/arm-none-eabi/10.3.1/thumb/v7e-m+fp/hard/crtbegin.o
LOAD c:/st/stm32cubeide_1.11.0/stm32cubeide/plugins/com.st.stm32cube.ide.mcu.externaltools.gnu-tools-for-stm32.10.3-2021.10.win32_1.0.200.202301161003/tools/bin/../lib/gcc/arm-none-eabi/10.3.1/../../../../arm-none-eabi/lib/thumb/v7e-m+fp/hard/crt0.o
LOAD ./Core/Src/dma.o
LOAD ./Core/Src/gpio.o
LOAD ./Core/Src/json_generator.o
LOAD ./Core/Src/led_ws2813b.o
LOAD ./Core/Src/main.o
LOAD ./Core/Src/stm32l4xx_hal_msp.o
LOAD ./Core/Src/stm32l4xx_it.o
LOAD ./Core/Src/syscalls.o
LOAD ./Core/Src/sysmem.o
LOAD ./Core/Src/system_stm32l4xx.o
LOAD ./Core/Src/tim.o
LOAD ./Core/Src/usart.o
LOAD ./Core/Startup/startup_stm32l476rgtx.o
LOAD ./Core/lwjson/src/lwjson/lwjson.o
LOAD ./Core/lwjson/src/lwjson/lwjson_debug.o
LOAD ./Core/lwjson/src/lwjson/lwjson_stream.o
LOAD ./Drivers/STM32L4xx_HAL_Driver/Src/stm32l4xx_hal.o
LOAD ./Drivers/STM32L4xx_HAL_Driver/Src/stm32l4xx_hal_cortex.o
LOAD ./Drivers/STM32L4xx_HAL_Driver/Src/stm32l4xx_hal_dma.o
LOAD ./Drivers/STM32L4xx_HAL_Driver/Src/stm32l4xx_hal_dma_ex.o
LOAD ./Drivers/STM32L4xx_HAL_Driver/Src/stm32l4xx_hal_exti.o
LOAD ./Drivers/STM32L4xx_HAL_Driver/Src/stm32l4xx_hal_flash.o
LOAD ./Drivers/STM32L4xx_HAL_Driver/Src/stm32l4xx_hal_flash_ex.o
LOAD ./Drivers/STM32L4xx_HAL_Driver/Src/stm32l4xx_hal_flash_ramfunc.o
LOAD ./Drivers/STM32L4xx_HAL_Driver/Src/stm32l4xx_hal_gpio.o
LOAD ./Drivers/STM32L4xx_HAL_Driver/Src/stm32l4xx_hal_pwr.o
LOAD ./Drivers/STM32L4xx_HAL_Driver/Src/stm32l4xx_hal_pwr_ex.o
LOAD ./Drivers/STM32L4xx_HAL_Driver/Src/stm32l4xx_hal_rcc.o
LOAD ./Drivers/STM32L4xx_HAL_Driver/Src/stm32l4xx_hal_rcc_ex.o
LOAD ./Drivers/STM32L4xx_HAL_Driver/Src/stm32l4xx_hal_tim.o
LOAD ./Drivers/STM32L4xx_HAL_Driver/Src/stm32l4xx_hal_tim_ex.o
LOAD ./Drivers/STM32L4xx_HAL_Driver/Src/stm32l4xx_hal_uart.o
LOAD ./Drivers/STM32L4xx_HAL_Driver/Src/stm32l4xx_hal_uart_ex.o
START GROUP
LOAD c:/st/stm32cubeide_1.11.0/stm32cubeide/plugins/com.st.stm32cube.ide.mcu.externaltools.gnu-tools-for-stm32.10.3-2021.10.win32_1.0.200.202301161003/tools/bin/../lib/gcc/arm-none-eabi/10.3.1/../../../../arm-none-eabi/lib/thumb/v7e-m+fp/hard\libc_nano.a
LOAD c:/st/stm32cubeide_1.11.0/stm32cubeide/plugins/com.st.stm32cube.ide.mcu.externaltools.gnu-tools-for-stm32.10.3-2021.10.win32_1.0.200.202301161003/tools/bin/../lib/gcc/arm-none-eabi/10.3.1/../../../../arm-none-eabi/lib/thumb/v7e-m+fp/hard\libm.a
END GROUP
START GROUP
LOAD c:/st/stm32cubeide_1.11.0/stm32cubeide/plugins/com.st.stm32cube.ide.mcu.externaltools.gnu-tools-for-stm32.10.3-2021.10.win32_1.0.200.202301161003/tools/bin/../lib/gcc/arm-none-eabi/10.3.1/thumb/v7e-m+fp/hard\libgcc.a
LOAD c:/st/stm32cubeide_1.11.0/stm32cubeide/plugins/com.st.stm32cube.ide.mcu.externaltools.gnu-tools-for-stm32.10.3-2021.10.win32_1.0.200.202301161003/tools/bin/../lib/gcc/arm-none-eabi/10.3.1/../../../../arm-none-eabi/lib/thumb/v7e-m+fp/hard\libc_nano.a
END GROUP
START GROUP
LOAD c:/st/stm32cubeide_1.11.0/stm32cubeide/plugins/com.st.stm32cube.ide.mcu.externaltools.gnu-tools-for-stm32.10.3-2021.10.win32_1.0.200.202301161003/tools/bin/../lib/gcc/arm-none-eabi/10.3.1/thumb/v7e-m+fp/hard\libgcc.a
LOAD c:/st/stm32cubeide_1.11.0/stm32cubeide/plugins/com.st.stm32cube.ide.mcu.externaltools.gnu-tools-for-stm32.10.3-2021.10.win32_1.0.200.202301161003/tools/bin/../lib/gcc/arm-none-eabi/10.3.1/../../../../arm-none-eabi/lib/thumb/v7e-m+fp/hard\libc_nano.a
LOAD c:/st/stm32cubeide_1.11.0/stm32cubeide/plugins/com.st.stm32cube.ide.mcu.externaltools.gnu-tools-for-stm32.10.3-2021.10.win32_1.0.200.202301161003/tools/bin/../lib/gcc/arm-none-eabi/10.3.1/../../../../arm-none-eabi/lib/thumb/v7e-m+fp/hard\libnosys.a
END GROUP
START GROUP
LOAD c:/st/stm32cubeide_1.11.0/stm32cubeide/plugins/com.st.stm32cube.ide.mcu.externaltools.gnu-tools-for-stm32.10.3-2021.10.win32_1.0.200.202301161003/tools/bin/../lib/gcc/arm-none-eabi/10.3.1/thumb/v7e-m+fp/hard\libgcc.a
LOAD c:/st/stm32cubeide_1.11.0/stm32cubeide/plugins/com.st.stm32cube.ide.mcu.externaltools.gnu-tools-for-stm32.10.3-2021.10.win32_1.0.200.202301161003/tools/bin/../lib/gcc/arm-none-eabi/10.3.1/../../../../arm-none-eabi/lib/thumb/v7e-m+fp/hard\libc_nano.a
LOAD c:/st/stm32cubeide_1.11.0/stm32cubeide/plugins/com.st.stm32cube.ide.mcu.externaltools.gnu-tools-for-stm32.10.3-2021.10.win32_1.0.200.202301161003/tools/bin/../lib/gcc/arm-none-eabi/10.3.1/../../../../arm-none-eabi/lib/thumb/v7e-m+fp/hard\libnosys.a
END GROUP
LOAD c:/st/stm32cubeide_1.11.0/stm32cubeide/plugins/com.st.stm32cube.ide.mcu.externaltools.gnu-tools-for-stm32.10.3-2021.10.win32_1.0.200.202301161003/tools/bin/../lib/gcc/arm-none-eabi/10.3.1/thumb/v7e-m+fp/hard/crtend.o
LOAD c:/st/stm32cubeide_1.11.0/stm32cubeide/plugins/com.st.stm32cube.ide.mcu.externaltools.gnu-tools-for-stm32.10.3-2021.10.win32_1.0.200.202301161003/tools/bin/../lib/gcc/arm-none-eabi/10.3.1/thumb/v7e-m+fp/hard/crtn.o
                0x0000000020018000                _estack = (ORIGIN (RAM) + LENGTH (RAM))
                0x0000000000000200                _Min_Heap_Size = 0x200
                0x0000000000000400                _Min_Stack_Size = 0x400

.isr_vector     0x0000000008000000      0x188
                0x0000000008000000                . = ALIGN (0x4)
 *(.isr_vector)
 .isr_vector    0x0000000008000000      0x188 ./Core/Startup/startup_stm32l476rgtx.o
                0x0000000008000000                g_pfnVectors
                0x0000000008000188                . = ALIGN (0x4)

.text           0x0000000008000188     0x6df8
                0x0000000008000188                . = ALIGN (0x4)
 *(.text)
 .text          0x0000000008000188       0x40 c:/st/stm32cubeide_1.11.0/stm32cubeide/plugins/com.st.stm32cube.ide.mcu.externaltools.gnu-tools-for-stm32.10.3-2021.10.win32_1.0.200.202301161003/tools/bin/../lib/gcc/arm-none-eabi/10.3.1/thumb/v7e-m+fp/hard/crtbegin.o
 .text          0x00000000080001c8       0x10 c:/st/stm32cubeide_1.11.0/stm32cubeide/plugins/com.st.stm32cube.ide.mcu.externaltools.gnu-tools-for-stm32.10.3-2021.10.win32_1.0.200.202301161003/tools/bin/../lib/gcc/arm-none-eabi/10.3.1/../../../../arm-none-eabi/lib/thumb/v7e-m+fp/hard\libc_nano.a(lib_a-strlen.o)
                0x00000000080001c8                strlen
 .text          0x00000000080001d8      0x378 c:/st/stm32cubeide_1.11.0/stm32cubeide/plugins/com.st.stm32cube.ide.mcu.externaltools.gnu-tools-for-stm32.10.3-2021.10.win32_1.0.200.202301161003/tools/bin/../lib/gcc/arm-none-eabi/10.3.1/thumb/v7e-m+fp/hard\libgcc.a(_arm_addsubdf3.o)
                0x00000000080001d8                __aeabi_drsub
                0x00000000080001e0                __aeabi_dsub
                0x00000000080001e0                __subdf3
                0x00000000080001e4                __aeabi_dadd
                0x00000000080001e4                __adddf3
                0x000000000800045c                __floatunsidf
                0x000000000800045c                __aeabi_ui2d
                0x000000000800047c                __floatsidf
                0x000000000800047c                __aeabi_i2d
                0x00000000080004a0                __aeabi_f2d
                0x00000000080004a0                __extendsfdf2
                0x00000000080004e4                __floatundidf
                0x00000000080004e4                __aeabi_ul2d
                0x00000000080004f4                __floatdidf
                0x00000000080004f4                __aeabi_l2d
 .text          0x0000000008000550       0x30 c:/st/stm32cubeide_1.11.0/stm32cubeide/plugins/com.st.stm32cube.ide.mcu.externaltools.gnu-tools-for-stm32.10.3-2021.10.win32_1.0.200.202301161003/tools/bin/../lib/gcc/arm-none-eabi/10.3.1/thumb/v7e-m+fp/hard\libgcc.a(_aeabi_uldivmod.o)
                0x0000000008000550                __aeabi_uldivmod
 .text          0x0000000008000580       0x28 c:/st/stm32cubeide_1.11.0/stm32cubeide/plugins/com.st.stm32cube.ide.mcu.externaltools.gnu-tools-for-stm32.10.3-2021.10.win32_1.0.200.202301161003/tools/bin/../lib/gcc/arm-none-eabi/10.3.1/thumb/v7e-m+fp/hard\libgcc.a(_fixsfdi.o)
                0x0000000008000580                __fixsfdi
                0x0000000008000580                __aeabi_f2lz
 .text          0x00000000080005a8       0x40 c:/st/stm32cubeide_1.11.0/stm32cubeide/plugins/com.st.stm32cube.ide.mcu.externaltools.gnu-tools-for-stm32.10.3-2021.10.win32_1.0.200.202301161003/tools/bin/../lib/gcc/arm-none-eabi/10.3.1/thumb/v7e-m+fp/hard\libgcc.a(_fixunssfdi.o)
                0x00000000080005a8                __fixunssfdi
                0x00000000080005a8                __aeabi_f2ulz
 .text          0x00000000080005e8      0x2d0 c:/st/stm32cubeide_1.11.0/stm32cubeide/plugins/com.st.stm32cube.ide.mcu.externaltools.gnu-tools-for-stm32.10.3-2021.10.win32_1.0.200.202301161003/tools/bin/../lib/gcc/arm-none-eabi/10.3.1/thumb/v7e-m+fp/hard\libgcc.a(_udivmoddi4.o)
                0x00000000080005e8                __udivmoddi4
 .text          0x00000000080008b8      0x254 c:/st/stm32cubeide_1.11.0/stm32cubeide/plugins/com.st.stm32cube.ide.mcu.externaltools.gnu-tools-for-stm32.10.3-2021.10.win32_1.0.200.202301161003/tools/bin/../lib/gcc/arm-none-eabi/10.3.1/thumb/v7e-m+fp/hard\libgcc.a(_arm_muldf3.o)
                0x00000000080008b8                __muldf3
                0x00000000080008b8                __aeabi_dmul
 .text          0x0000000008000b0c        0x4 c:/st/stm32cubeide_1.11.0/stm32cubeide/plugins/com.st.stm32cube.ide.mcu.externaltools.gnu-tools-for-stm32.10.3-2021.10.win32_1.0.200.202301161003/tools/bin/../lib/gcc/arm-none-eabi/10.3.1/thumb/v7e-m+fp/hard\libgcc.a(_dvmd_tls.o)
                0x0000000008000b0c                __aeabi_idiv0
                0x0000000008000b0c                __aeabi_ldiv0
 .text          0x0000000008000b10       0x40 c:/st/stm32cubeide_1.11.0/stm32cubeide/plugins/com.st.stm32cube.ide.mcu.externaltools.gnu-tools-for-stm32.10.3-2021.10.win32_1.0.200.202301161003/tools/bin/../lib/gcc/arm-none-eabi/10.3.1/thumb/v7e-m+fp/hard\libgcc.a(_arm_fixunsdfsi.o)
                0x0000000008000b10                __aeabi_d2uiz
                0x0000000008000b10                __fixunsdfsi
 *(.text*)
 .text.MX_DMA_Init
                0x0000000008000b50       0x4c ./Core/Src/dma.o
                0x0000000008000b50                MX_DMA_Init
 .text.MX_GPIO_Init
                0x0000000008000b9c       0xdc ./Core/Src/gpio.o
                0x0000000008000b9c                MX_GPIO_Init
 .text.led_init
                0x0000000008000c78       0x38 ./Core/Src/led_ws2813b.o
                0x0000000008000c78                led_init
 .text.led_set_all_led_colors
                0x0000000008000cb0       0x3a ./Core/Src/led_ws2813b.o
                0x0000000008000cb0                led_set_all_led_colors
 *fill*         0x0000000008000cea        0x2 
 .text.led_set_one_led_colors
                0x0000000008000cec       0x40 ./Core/Src/led_ws2813b.o
                0x0000000008000cec                led_set_one_led_colors
 .text.led_set_colors_data
                0x0000000008000d2c       0x5c ./Core/Src/led_ws2813b.o
                0x0000000008000d2c                led_set_colors_data
 .text.led_convert_color_data_to_ws2812b_format
                0x0000000008000d88       0x5a ./Core/Src/led_ws2813b.o
                0x0000000008000d88                led_convert_color_data_to_ws2812b_format
 *fill*         0x0000000008000de2        0x2 
 .text.led_send_led_colors
                0x0000000008000de4       0x1c ./Core/Src/led_ws2813b.o
                0x0000000008000de4                led_send_led_colors
 .text.main     0x0000000008000e00      0x29c ./Core/Src/main.o
                0x0000000008000e00                main
 .text.SystemClock_Config
                0x000000000800109c       0xa2 ./Core/Src/main.o
                0x000000000800109c                SystemClock_Config
 *fill*         0x000000000800113e        0x2 
 .text.HAL_UARTEx_RxEventCallback
                0x0000000008001140       0x48 ./Core/Src/main.o
                0x0000000008001140                HAL_UARTEx_RxEventCallback
 .text.HAL_TIM_PWM_PulseFinishedCallback
                0x0000000008001188       0x28 ./Core/Src/main.o
                0x0000000008001188                HAL_TIM_PWM_PulseFinishedCallback
 .text.Error_Handler
                0x00000000080011b0        0xa ./Core/Src/main.o
                0x00000000080011b0                Error_Handler
 *fill*         0x00000000080011ba        0x2 
 .text.HAL_MspInit
                0x00000000080011bc       0x48 ./Core/Src/stm32l4xx_hal_msp.o
                0x00000000080011bc                HAL_MspInit
 .text.NMI_Handler
                0x0000000008001204        0x6 ./Core/Src/stm32l4xx_it.o
                0x0000000008001204                NMI_Handler
 .text.HardFault_Handler
                0x000000000800120a        0x6 ./Core/Src/stm32l4xx_it.o
                0x000000000800120a                HardFault_Handler
 .text.MemManage_Handler
                0x0000000008001210        0x6 ./Core/Src/stm32l4xx_it.o
                0x0000000008001210                MemManage_Handler
 .text.BusFault_Handler
                0x0000000008001216        0x6 ./Core/Src/stm32l4xx_it.o
                0x0000000008001216                BusFault_Handler
 .text.UsageFault_Handler
                0x000000000800121c        0x6 ./Core/Src/stm32l4xx_it.o
                0x000000000800121c                UsageFault_Handler
 .text.SVC_Handler
                0x0000000008001222        0xe ./Core/Src/stm32l4xx_it.o
                0x0000000008001222                SVC_Handler
 .text.DebugMon_Handler
                0x0000000008001230        0xe ./Core/Src/stm32l4xx_it.o
                0x0000000008001230                DebugMon_Handler
 .text.PendSV_Handler
                0x000000000800123e        0xe ./Core/Src/stm32l4xx_it.o
                0x000000000800123e                PendSV_Handler
 .text.SysTick_Handler
                0x000000000800124c        0xc ./Core/Src/stm32l4xx_it.o
                0x000000000800124c                SysTick_Handler
 .text.DMA1_Channel5_IRQHandler
                0x0000000008001258       0x14 ./Core/Src/stm32l4xx_it.o
                0x0000000008001258                DMA1_Channel5_IRQHandler
 .text.DMA1_Channel6_IRQHandler
                0x000000000800126c       0x14 ./Core/Src/stm32l4xx_it.o
                0x000000000800126c                DMA1_Channel6_IRQHandler
 .text.USART2_IRQHandler
                0x0000000008001280       0x14 ./Core/Src/stm32l4xx_it.o
                0x0000000008001280                USART2_IRQHandler
 .text.EXTI15_10_IRQHandler
                0x0000000008001294       0x10 ./Core/Src/stm32l4xx_it.o
                0x0000000008001294                EXTI15_10_IRQHandler
 .text.SystemInit
                0x00000000080012a4       0x24 ./Core/Src/system_stm32l4xx.o
                0x00000000080012a4                SystemInit
 .text.MX_TIM2_Init
                0x00000000080012c8       0xb0 ./Core/Src/tim.o
                0x00000000080012c8                MX_TIM2_Init
 .text.HAL_TIM_PWM_MspInit
                0x0000000008001378       0x94 ./Core/Src/tim.o
                0x0000000008001378                HAL_TIM_PWM_MspInit
 .text.HAL_TIM_MspPostInit
                0x000000000800140c       0x68 ./Core/Src/tim.o
                0x000000000800140c                HAL_TIM_MspPostInit
 .text.MX_USART2_UART_Init
                0x0000000008001474       0x60 ./Core/Src/usart.o
                0x0000000008001474                MX_USART2_UART_Init
 .text.HAL_UART_MspInit
                0x00000000080014d4      0x124 ./Core/Src/usart.o
                0x00000000080014d4                HAL_UART_MspInit
 .text.Reset_Handler
                0x00000000080015f8       0x50 ./Core/Startup/startup_stm32l476rgtx.o
                0x00000000080015f8                Reset_Handler
 .text.Default_Handler
                0x0000000008001648        0x2 ./Core/Startup/startup_stm32l476rgtx.o
                0x0000000008001648                RTC_Alarm_IRQHandler
                0x0000000008001648                EXTI2_IRQHandler
                0x0000000008001648                TIM8_TRG_COM_IRQHandler
                0x0000000008001648                TIM8_CC_IRQHandler
                0x0000000008001648                TIM1_CC_IRQHandler
                0x0000000008001648                TSC_IRQHandler
                0x0000000008001648                TAMP_STAMP_IRQHandler
                0x0000000008001648                EXTI3_IRQHandler
                0x0000000008001648                LPTIM2_IRQHandler
                0x0000000008001648                DFSDM1_FLT1_IRQHandler
                0x0000000008001648                I2C3_ER_IRQHandler
                0x0000000008001648                DFSDM1_FLT2_IRQHandler
                0x0000000008001648                EXTI0_IRQHandler
                0x0000000008001648                I2C2_EV_IRQHandler
                0x0000000008001648                CAN1_RX0_IRQHandler
                0x0000000008001648                FPU_IRQHandler
                0x0000000008001648                TIM1_UP_TIM16_IRQHandler
                0x0000000008001648                ADC1_2_IRQHandler
                0x0000000008001648                SPI1_IRQHandler
                0x0000000008001648                TIM6_DAC_IRQHandler
                0x0000000008001648                TIM8_UP_IRQHandler
                0x0000000008001648                DMA2_Channel2_IRQHandler
                0x0000000008001648                DMA1_Channel4_IRQHandler
                0x0000000008001648                SAI2_IRQHandler
                0x0000000008001648                DFSDM1_FLT3_IRQHandler
                0x0000000008001648                USART3_IRQHandler
                0x0000000008001648                DMA1_Channel7_IRQHandler
                0x0000000008001648                CAN1_RX1_IRQHandler
                0x0000000008001648                LCD_IRQHandler
                0x0000000008001648                UART5_IRQHandler
                0x0000000008001648                ADC3_IRQHandler
                0x0000000008001648                TIM4_IRQHandler
                0x0000000008001648                DMA2_Channel1_IRQHandler
                0x0000000008001648                QUADSPI_IRQHandler
                0x0000000008001648                I2C1_EV_IRQHandler
                0x0000000008001648                UART4_IRQHandler
                0x0000000008001648                DMA2_Channel4_IRQHandler
                0x0000000008001648                TIM3_IRQHandler
                0x0000000008001648                RCC_IRQHandler
                0x0000000008001648                DMA1_Channel1_IRQHandler
                0x0000000008001648                Default_Handler
                0x0000000008001648                DMA2_Channel7_IRQHandler
                0x0000000008001648                TIM7_IRQHandler
                0x0000000008001648                SDMMC1_IRQHandler
                0x0000000008001648                TIM5_IRQHandler
                0x0000000008001648                I2C3_EV_IRQHandler
                0x0000000008001648                EXTI9_5_IRQHandler
                0x0000000008001648                RTC_WKUP_IRQHandler
                0x0000000008001648                PVD_PVM_IRQHandler
                0x0000000008001648                SPI2_IRQHandler
                0x0000000008001648                CAN1_TX_IRQHandler
                0x0000000008001648                DMA2_Channel5_IRQHandler
                0x0000000008001648                EXTI4_IRQHandler
                0x0000000008001648                RNG_IRQHandler
                0x0000000008001648                TIM1_TRG_COM_TIM17_IRQHandler
                0x0000000008001648                DMA1_Channel3_IRQHandler
                0x0000000008001648                COMP_IRQHandler
                0x0000000008001648                WWDG_IRQHandler
                0x0000000008001648                LPUART1_IRQHandler
                0x0000000008001648                DMA2_Channel6_IRQHandler
                0x0000000008001648                TIM2_IRQHandler
                0x0000000008001648                EXTI1_IRQHandler
                0x0000000008001648                DFSDM1_FLT0_IRQHandler
                0x0000000008001648                I2C2_ER_IRQHandler
                0x0000000008001648                DMA1_Channel2_IRQHandler
                0x0000000008001648                TIM8_BRK_IRQHandler
                0x0000000008001648                CAN1_SCE_IRQHandler
                0x0000000008001648                FLASH_IRQHandler
                0x0000000008001648                USART1_IRQHandler
                0x0000000008001648                OTG_FS_IRQHandler
                0x0000000008001648                SPI3_IRQHandler
                0x0000000008001648                I2C1_ER_IRQHandler
                0x0000000008001648                FMC_IRQHandler
                0x0000000008001648                SWPMI1_IRQHandler
                0x0000000008001648                LPTIM1_IRQHandler
                0x0000000008001648                SAI1_IRQHandler
                0x0000000008001648                DMA2_Channel3_IRQHandler
                0x0000000008001648                TIM1_BRK_TIM15_IRQHandler
 .text.prv_alloc_token
                0x000000000800164a       0x54 ./Core/lwjson/src/lwjson/lwjson.o
 .text.prv_skip_blank
                0x000000000800169e       0xa4 ./Core/lwjson/src/lwjson/lwjson.o
 *fill*         0x0000000008001742        0x2 
 .text.prv_parse_string
                0x0000000008001744      0x1cc ./Core/lwjson/src/lwjson/lwjson.o
 .text.prv_parse_property_name
                0x0000000008001910       0x70 ./Core/lwjson/src/lwjson/lwjson.o
 .text.prv_parse_number
                0x0000000008001980      0x2e2 ./Core/lwjson/src/lwjson/lwjson.o
 .text.prv_create_path_segment
                0x0000000008001c62       0xe4 ./Core/lwjson/src/lwjson/lwjson.o
 .text.prv_find
                0x0000000008001d46      0x16a ./Core/lwjson/src/lwjson/lwjson.o
 .text.prv_check_valid_char_after_open_bracket
                0x0000000008001eb0       0xbe ./Core/lwjson/src/lwjson/lwjson.o
 .text.lwjson_init
                0x0000000008001f6e       0x46 ./Core/lwjson/src/lwjson/lwjson.o
                0x0000000008001f6e                lwjson_init
 .text.lwjson_parse_ex
                0x0000000008001fb4      0x4bc ./Core/lwjson/src/lwjson/lwjson.o
                0x0000000008001fb4                lwjson_parse_ex
 .text.lwjson_parse
                0x0000000008002470       0x26 ./Core/lwjson/src/lwjson/lwjson.o
                0x0000000008002470                lwjson_parse
 .text.lwjson_free
                0x0000000008002496       0x38 ./Core/lwjson/src/lwjson/lwjson.o
                0x0000000008002496                lwjson_free
 .text.lwjson_find
                0x00000000080024ce       0x4a ./Core/lwjson/src/lwjson/lwjson.o
                0x00000000080024ce                lwjson_find
 .text.lwjson_find_ex
                0x0000000008002518       0x6e ./Core/lwjson/src/lwjson/lwjson.o
                0x0000000008002518                lwjson_find_ex
 *fill*         0x0000000008002586        0x2 
 .text.HAL_Init
                0x0000000008002588       0x40 ./Drivers/STM32L4xx_HAL_Driver/Src/stm32l4xx_hal.o
                0x0000000008002588                HAL_Init
 .text.HAL_InitTick
                0x00000000080025c8       0x78 ./Drivers/STM32L4xx_HAL_Driver/Src/stm32l4xx_hal.o
                0x00000000080025c8                HAL_InitTick
 .text.HAL_IncTick
                0x0000000008002640       0x28 ./Drivers/STM32L4xx_HAL_Driver/Src/stm32l4xx_hal.o
                0x0000000008002640                HAL_IncTick
 .text.HAL_GetTick
                0x0000000008002668       0x18 ./Drivers/STM32L4xx_HAL_Driver/Src/stm32l4xx_hal.o
                0x0000000008002668                HAL_GetTick
 .text.__NVIC_SetPriorityGrouping
                0x0000000008002680       0x48 ./Drivers/STM32L4xx_HAL_Driver/Src/stm32l4xx_hal_cortex.o
 .text.__NVIC_GetPriorityGrouping
                0x00000000080026c8       0x1c ./Drivers/STM32L4xx_HAL_Driver/Src/stm32l4xx_hal_cortex.o
 .text.__NVIC_EnableIRQ
                0x00000000080026e4       0x3c ./Drivers/STM32L4xx_HAL_Driver/Src/stm32l4xx_hal_cortex.o
 .text.__NVIC_SetPriority
                0x0000000008002720       0x54 ./Drivers/STM32L4xx_HAL_Driver/Src/stm32l4xx_hal_cortex.o
 .text.NVIC_EncodePriority
                0x0000000008002774       0x66 ./Drivers/STM32L4xx_HAL_Driver/Src/stm32l4xx_hal_cortex.o
 *fill*         0x00000000080027da        0x2 
 .text.SysTick_Config
                0x00000000080027dc       0x44 ./Drivers/STM32L4xx_HAL_Driver/Src/stm32l4xx_hal_cortex.o
 .text.HAL_NVIC_SetPriorityGrouping
                0x0000000008002820       0x16 ./Drivers/STM32L4xx_HAL_Driver/Src/stm32l4xx_hal_cortex.o
                0x0000000008002820                HAL_NVIC_SetPriorityGrouping
 .text.HAL_NVIC_SetPriority
                0x0000000008002836       0x38 ./Drivers/STM32L4xx_HAL_Driver/Src/stm32l4xx_hal_cortex.o
                0x0000000008002836                HAL_NVIC_SetPriority
 .text.HAL_NVIC_EnableIRQ
                0x000000000800286e       0x1c ./Drivers/STM32L4xx_HAL_Driver/Src/stm32l4xx_hal_cortex.o
                0x000000000800286e                HAL_NVIC_EnableIRQ
 .text.HAL_SYSTICK_Config
                0x000000000800288a       0x18 ./Drivers/STM32L4xx_HAL_Driver/Src/stm32l4xx_hal_cortex.o
                0x000000000800288a                HAL_SYSTICK_Config
 *fill*         0x00000000080028a2        0x2 
 .text.HAL_DMA_Init
                0x00000000080028a4      0x170 ./Drivers/STM32L4xx_HAL_Driver/Src/stm32l4xx_hal_dma.o
                0x00000000080028a4                HAL_DMA_Init
 .text.HAL_DMA_Start_IT
                0x0000000008002a14       0xc0 ./Drivers/STM32L4xx_HAL_Driver/Src/stm32l4xx_hal_dma.o
                0x0000000008002a14                HAL_DMA_Start_IT
 .text.HAL_DMA_Abort
                0x0000000008002ad4       0x7c ./Drivers/STM32L4xx_HAL_Driver/Src/stm32l4xx_hal_dma.o
                0x0000000008002ad4                HAL_DMA_Abort
 .text.HAL_DMA_Abort_IT
                0x0000000008002b50       0x82 ./Drivers/STM32L4xx_HAL_Driver/Src/stm32l4xx_hal_dma.o
                0x0000000008002b50                HAL_DMA_Abort_IT
 .text.HAL_DMA_IRQHandler
                0x0000000008002bd2      0x15e ./Drivers/STM32L4xx_HAL_Driver/Src/stm32l4xx_hal_dma.o
                0x0000000008002bd2                HAL_DMA_IRQHandler
 .text.DMA_SetConfig
                0x0000000008002d30       0x60 ./Drivers/STM32L4xx_HAL_Driver/Src/stm32l4xx_hal_dma.o
 .text.HAL_GPIO_Init
                0x0000000008002d90      0x354 ./Drivers/STM32L4xx_HAL_Driver/Src/stm32l4xx_hal_gpio.o
                0x0000000008002d90                HAL_GPIO_Init
 .text.HAL_GPIO_WritePin
                0x00000000080030e4       0x30 ./Drivers/STM32L4xx_HAL_Driver/Src/stm32l4xx_hal_gpio.o
                0x00000000080030e4                HAL_GPIO_WritePin
 .text.HAL_GPIO_EXTI_IRQHandler
                0x0000000008003114       0x30 ./Drivers/STM32L4xx_HAL_Driver/Src/stm32l4xx_hal_gpio.o
                0x0000000008003114                HAL_GPIO_EXTI_IRQHandler
 .text.HAL_GPIO_EXTI_Callback
                0x0000000008003144       0x16 ./Drivers/STM32L4xx_HAL_Driver/Src/stm32l4xx_hal_gpio.o
                0x0000000008003144                HAL_GPIO_EXTI_Callback
 *fill*         0x000000000800315a        0x2 
 .text.HAL_PWREx_GetVoltageRange
                0x000000000800315c       0x1c ./Drivers/STM32L4xx_HAL_Driver/Src/stm32l4xx_hal_pwr_ex.o
                0x000000000800315c                HAL_PWREx_GetVoltageRange
 .text.HAL_PWREx_ControlVoltageScaling
                0x0000000008003178       0xac ./Drivers/STM32L4xx_HAL_Driver/Src/stm32l4xx_hal_pwr_ex.o
                0x0000000008003178                HAL_PWREx_ControlVoltageScaling
 .text.HAL_RCC_OscConfig
                0x0000000008003224      0x7b8 ./Drivers/STM32L4xx_HAL_Driver/Src/stm32l4xx_hal_rcc.o
                0x0000000008003224                HAL_RCC_OscConfig
 .text.HAL_RCC_ClockConfig
                0x00000000080039dc      0x200 ./Drivers/STM32L4xx_HAL_Driver/Src/stm32l4xx_hal_rcc.o
                0x00000000080039dc                HAL_RCC_ClockConfig
 .text.HAL_RCC_GetSysClockFreq
                0x0000000008003bdc      0x118 ./Drivers/STM32L4xx_HAL_Driver/Src/stm32l4xx_hal_rcc.o
                0x0000000008003bdc                HAL_RCC_GetSysClockFreq
 .text.HAL_RCC_GetHCLKFreq
                0x0000000008003cf4       0x18 ./Drivers/STM32L4xx_HAL_Driver/Src/stm32l4xx_hal_rcc.o
                0x0000000008003cf4                HAL_RCC_GetHCLKFreq
 .text.HAL_RCC_GetPCLK1Freq
                0x0000000008003d0c       0x2c ./Drivers/STM32L4xx_HAL_Driver/Src/stm32l4xx_hal_rcc.o
                0x0000000008003d0c                HAL_RCC_GetPCLK1Freq
 .text.HAL_RCC_GetPCLK2Freq
                0x0000000008003d38       0x2c ./Drivers/STM32L4xx_HAL_Driver/Src/stm32l4xx_hal_rcc.o
                0x0000000008003d38                HAL_RCC_GetPCLK2Freq
 .text.RCC_SetFlashLatencyFromMSIRange
                0x0000000008003d64       0xc0 ./Drivers/STM32L4xx_HAL_Driver/Src/stm32l4xx_hal_rcc.o
 .text.HAL_RCCEx_PeriphCLKConfig
                0x0000000008003e24      0x5d4 ./Drivers/STM32L4xx_HAL_Driver/Src/stm32l4xx_hal_rcc_ex.o
                0x0000000008003e24                HAL_RCCEx_PeriphCLKConfig
 .text.RCCEx_PLLSAI1_Config
                0x00000000080043f8      0x1e8 ./Drivers/STM32L4xx_HAL_Driver/Src/stm32l4xx_hal_rcc_ex.o
 .text.RCCEx_PLLSAI2_Config
                0x00000000080045e0      0x1bc ./Drivers/STM32L4xx_HAL_Driver/Src/stm32l4xx_hal_rcc_ex.o
 .text.HAL_TIM_PWM_Init
                0x000000000800479c       0xae ./Drivers/STM32L4xx_HAL_Driver/Src/stm32l4xx_hal_tim.o
                0x000000000800479c                HAL_TIM_PWM_Init
 *fill*         0x000000000800484a        0x2 
 .text.HAL_TIM_PWM_Stop
                0x000000000800484c      0x12c ./Drivers/STM32L4xx_HAL_Driver/Src/stm32l4xx_hal_tim.o
                0x000000000800484c                HAL_TIM_PWM_Stop
 .text.HAL_TIM_PWM_Start_DMA
                0x0000000008004978      0x440 ./Drivers/STM32L4xx_HAL_Driver/Src/stm32l4xx_hal_tim.o
                0x0000000008004978                HAL_TIM_PWM_Start_DMA
 .text.HAL_TIM_PWM_ConfigChannel
                0x0000000008004db8      0x228 ./Drivers/STM32L4xx_HAL_Driver/Src/stm32l4xx_hal_tim.o
                0x0000000008004db8                HAL_TIM_PWM_ConfigChannel
 .text.HAL_TIM_PWM_PulseFinishedHalfCpltCallback
                0x0000000008004fe0       0x14 ./Drivers/STM32L4xx_HAL_Driver/Src/stm32l4xx_hal_tim.o
                0x0000000008004fe0                HAL_TIM_PWM_PulseFinishedHalfCpltCallback
 .text.HAL_TIM_ErrorCallback
                0x0000000008004ff4       0x14 ./Drivers/STM32L4xx_HAL_Driver/Src/stm32l4xx_hal_tim.o
                0x0000000008004ff4                HAL_TIM_ErrorCallback
 .text.TIM_DMAError
                0x0000000008005008       0x92 ./Drivers/STM32L4xx_HAL_Driver/Src/stm32l4xx_hal_tim.o
                0x0000000008005008                TIM_DMAError
 .text.TIM_DMADelayPulseCplt
                0x000000000800509a       0xa8 ./Drivers/STM32L4xx_HAL_Driver/Src/stm32l4xx_hal_tim.o
 .text.TIM_DMADelayPulseHalfCplt
                0x0000000008005142       0x68 ./Drivers/STM32L4xx_HAL_Driver/Src/stm32l4xx_hal_tim.o
                0x0000000008005142                TIM_DMADelayPulseHalfCplt
 *fill*         0x00000000080051aa        0x2 
 .text.TIM_Base_SetConfig
                0x00000000080051ac      0x134 ./Drivers/STM32L4xx_HAL_Driver/Src/stm32l4xx_hal_tim.o
                0x00000000080051ac                TIM_Base_SetConfig
 .text.TIM_OC1_SetConfig
                0x00000000080052e0      0x120 ./Drivers/STM32L4xx_HAL_Driver/Src/stm32l4xx_hal_tim.o
 .text.TIM_OC2_SetConfig
                0x0000000008005400      0x114 ./Drivers/STM32L4xx_HAL_Driver/Src/stm32l4xx_hal_tim.o
                0x0000000008005400                TIM_OC2_SetConfig
 .text.TIM_OC3_SetConfig
                0x0000000008005514      0x110 ./Drivers/STM32L4xx_HAL_Driver/Src/stm32l4xx_hal_tim.o
 .text.TIM_OC4_SetConfig
                0x0000000008005624       0xd4 ./Drivers/STM32L4xx_HAL_Driver/Src/stm32l4xx_hal_tim.o
 .text.TIM_OC5_SetConfig
                0x00000000080056f8       0xc8 ./Drivers/STM32L4xx_HAL_Driver/Src/stm32l4xx_hal_tim.o
 .text.TIM_OC6_SetConfig
                0x00000000080057c0       0xcc ./Drivers/STM32L4xx_HAL_Driver/Src/stm32l4xx_hal_tim.o
 .text.TIM_CCxChannelCmd
                0x000000000800588c       0x4a ./Drivers/STM32L4xx_HAL_Driver/Src/stm32l4xx_hal_tim.o
                0x000000000800588c                TIM_CCxChannelCmd
 *fill*         0x00000000080058d6        0x2 
 .text.HAL_TIMEx_MasterConfigSynchronization
                0x00000000080058d8      0x110 ./Drivers/STM32L4xx_HAL_Driver/Src/stm32l4xx_hal_tim_ex.o
                0x00000000080058d8                HAL_TIMEx_MasterConfigSynchronization
 .text.HAL_UART_Init
                0x00000000080059e8       0x9c ./Drivers/STM32L4xx_HAL_Driver/Src/stm32l4xx_hal_uart.o
                0x00000000080059e8                HAL_UART_Init
 .text.HAL_UART_IRQHandler
                0x0000000008005a84      0x5c4 ./Drivers/STM32L4xx_HAL_Driver/Src/stm32l4xx_hal_uart.o
                0x0000000008005a84                HAL_UART_IRQHandler
 .text.HAL_UART_TxCpltCallback
                0x0000000008006048       0x14 ./Drivers/STM32L4xx_HAL_Driver/Src/stm32l4xx_hal_uart.o
                0x0000000008006048                HAL_UART_TxCpltCallback
 .text.HAL_UART_RxCpltCallback
                0x000000000800605c       0x14 ./Drivers/STM32L4xx_HAL_Driver/Src/stm32l4xx_hal_uart.o
                0x000000000800605c                HAL_UART_RxCpltCallback
 .text.HAL_UART_RxHalfCpltCallback
                0x0000000008006070       0x14 ./Drivers/STM32L4xx_HAL_Driver/Src/stm32l4xx_hal_uart.o
                0x0000000008006070                HAL_UART_RxHalfCpltCallback
 .text.HAL_UART_ErrorCallback
                0x0000000008006084       0x14 ./Drivers/STM32L4xx_HAL_Driver/Src/stm32l4xx_hal_uart.o
                0x0000000008006084                HAL_UART_ErrorCallback
 .text.UART_SetConfig
                0x0000000008006098      0x570 ./Drivers/STM32L4xx_HAL_Driver/Src/stm32l4xx_hal_uart.o
                0x0000000008006098                UART_SetConfig
 .text.UART_AdvFeatureConfig
                0x0000000008006608      0x144 ./Drivers/STM32L4xx_HAL_Driver/Src/stm32l4xx_hal_uart.o
                0x0000000008006608                UART_AdvFeatureConfig
 .text.UART_CheckIdleState
                0x000000000800674c       0x92 ./Drivers/STM32L4xx_HAL_Driver/Src/stm32l4xx_hal_uart.o
                0x000000000800674c                UART_CheckIdleState
 .text.UART_WaitOnFlagUntilTimeout
                0x00000000080067de      0x188 ./Drivers/STM32L4xx_HAL_Driver/Src/stm32l4xx_hal_uart.o
                0x00000000080067de                UART_WaitOnFlagUntilTimeout
 *fill*         0x0000000008006966        0x2 
 .text.UART_Start_Receive_DMA
                0x0000000008006968      0x14c ./Drivers/STM32L4xx_HAL_Driver/Src/stm32l4xx_hal_uart.o
                0x0000000008006968                UART_Start_Receive_DMA
 .text.UART_EndTxTransfer
                0x0000000008006ab4       0x4c ./Drivers/STM32L4xx_HAL_Driver/Src/stm32l4xx_hal_uart.o
 .text.UART_EndRxTransfer
                0x0000000008006b00       0xc6 ./Drivers/STM32L4xx_HAL_Driver/Src/stm32l4xx_hal_uart.o
 .text.UART_DMAReceiveCplt
                0x0000000008006bc6      0x124 ./Drivers/STM32L4xx_HAL_Driver/Src/stm32l4xx_hal_uart.o
 .text.UART_DMARxHalfCplt
                0x0000000008006cea       0x38 ./Drivers/STM32L4xx_HAL_Driver/Src/stm32l4xx_hal_uart.o
 .text.UART_DMAError
                0x0000000008006d22       0x7c ./Drivers/STM32L4xx_HAL_Driver/Src/stm32l4xx_hal_uart.o
 .text.UART_DMAAbortOnError
                0x0000000008006d9e       0x2c ./Drivers/STM32L4xx_HAL_Driver/Src/stm32l4xx_hal_uart.o
 .text.UART_EndTransmit_IT
                0x0000000008006dca       0x54 ./Drivers/STM32L4xx_HAL_Driver/Src/stm32l4xx_hal_uart.o
 .text.HAL_UARTEx_WakeupCallback
                0x0000000008006e1e       0x14 ./Drivers/STM32L4xx_HAL_Driver/Src/stm32l4xx_hal_uart_ex.o
                0x0000000008006e1e                HAL_UARTEx_WakeupCallback
 .text.HAL_UARTEx_ReceiveToIdle_DMA
                0x0000000008006e32       0xb6 ./Drivers/STM32L4xx_HAL_Driver/Src/stm32l4xx_hal_uart_ex.o
                0x0000000008006e32                HAL_UARTEx_ReceiveToIdle_DMA
 .text.__libc_init_array
                0x0000000008006ee8       0x48 c:/st/stm32cubeide_1.11.0/stm32cubeide/plugins/com.st.stm32cube.ide.mcu.externaltools.gnu-tools-for-stm32.10.3-2021.10.win32_1.0.200.202301161003/tools/bin/../lib/gcc/arm-none-eabi/10.3.1/../../../../arm-none-eabi/lib/thumb/v7e-m+fp/hard\libc_nano.a(lib_a-init.o)
                0x0000000008006ee8                __libc_init_array
 .text.memset   0x0000000008006f30       0x10 c:/st/stm32cubeide_1.11.0/stm32cubeide/plugins/com.st.stm32cube.ide.mcu.externaltools.gnu-tools-for-stm32.10.3-2021.10.win32_1.0.200.202301161003/tools/bin/../lib/gcc/arm-none-eabi/10.3.1/../../../../arm-none-eabi/lib/thumb/v7e-m+fp/hard\libc_nano.a(lib_a-memset.o)
                0x0000000008006f30                memset
 .text.strncmp  0x0000000008006f40       0x28 c:/st/stm32cubeide_1.11.0/stm32cubeide/plugins/com.st.stm32cube.ide.mcu.externaltools.gnu-tools-for-stm32.10.3-2021.10.win32_1.0.200.202301161003/tools/bin/../lib/gcc/arm-none-eabi/10.3.1/../../../../arm-none-eabi/lib/thumb/v7e-m+fp/hard\libc_nano.a(lib_a-strncmp.o)
                0x0000000008006f40                strncmp
 *(.glue_7)
 .glue_7        0x0000000008006f68        0x0 linker stubs
 *(.glue_7t)
 .glue_7t       0x0000000008006f68        0x0 linker stubs
 *(.eh_frame)
 .eh_frame      0x0000000008006f68        0x0 c:/st/stm32cubeide_1.11.0/stm32cubeide/plugins/com.st.stm32cube.ide.mcu.externaltools.gnu-tools-for-stm32.10.3-2021.10.win32_1.0.200.202301161003/tools/bin/../lib/gcc/arm-none-eabi/10.3.1/thumb/v7e-m+fp/hard/crtbegin.o
 *(.init)
 .init          0x0000000008006f68        0x4 c:/st/stm32cubeide_1.11.0/stm32cubeide/plugins/com.st.stm32cube.ide.mcu.externaltools.gnu-tools-for-stm32.10.3-2021.10.win32_1.0.200.202301161003/tools/bin/../lib/gcc/arm-none-eabi/10.3.1/thumb/v7e-m+fp/hard/crti.o
                0x0000000008006f68                _init
 .init          0x0000000008006f6c        0x8 c:/st/stm32cubeide_1.11.0/stm32cubeide/plugins/com.st.stm32cube.ide.mcu.externaltools.gnu-tools-for-stm32.10.3-2021.10.win32_1.0.200.202301161003/tools/bin/../lib/gcc/arm-none-eabi/10.3.1/thumb/v7e-m+fp/hard/crtn.o
 *(.fini)
 .fini          0x0000000008006f74        0x4 c:/st/stm32cubeide_1.11.0/stm32cubeide/plugins/com.st.stm32cube.ide.mcu.externaltools.gnu-tools-for-stm32.10.3-2021.10.win32_1.0.200.202301161003/tools/bin/../lib/gcc/arm-none-eabi/10.3.1/thumb/v7e-m+fp/hard/crti.o
                0x0000000008006f74                _fini
 .fini          0x0000000008006f78        0x8 c:/st/stm32cubeide_1.11.0/stm32cubeide/plugins/com.st.stm32cube.ide.mcu.externaltools.gnu-tools-for-stm32.10.3-2021.10.win32_1.0.200.202301161003/tools/bin/../lib/gcc/arm-none-eabi/10.3.1/thumb/v7e-m+fp/hard/crtn.o
                0x0000000008006f80                . = ALIGN (0x4)
                0x0000000008006f80                _etext = .

.vfp11_veneer   0x0000000008006f80        0x0
 .vfp11_veneer  0x0000000008006f80        0x0 linker stubs

.v4_bx          0x0000000008006f80        0x0
 .v4_bx         0x0000000008006f80        0x0 linker stubs

.iplt           0x0000000008006f80        0x0
 .iplt          0x0000000008006f80        0x0 c:/st/stm32cubeide_1.11.0/stm32cubeide/plugins/com.st.stm32cube.ide.mcu.externaltools.gnu-tools-for-stm32.10.3-2021.10.win32_1.0.200.202301161003/tools/bin/../lib/gcc/arm-none-eabi/10.3.1/thumb/v7e-m+fp/hard/crtbegin.o

.rodata         0x0000000008006f80      0x194
                0x0000000008006f80                . = ALIGN (0x4)
 *(.rodata)
 .rodata        0x0000000008006f80       0x31 ./Core/Src/main.o
 *fill*         0x0000000008006fb1        0x3 
 .rodata        0x0000000008006fb4       0x15 ./Core/lwjson/src/lwjson/lwjson.o
 *(.rodata*)
 *fill*         0x0000000008006fc9        0x3 
 .rodata.gamma_correction
                0x0000000008006fcc      0x100 ./Core/Src/led_ws2813b.o
                0x0000000008006fcc                gamma_correction
 .rodata.AHBPrescTable
                0x00000000080070cc       0x10 ./Core/Src/system_stm32l4xx.o
                0x00000000080070cc                AHBPrescTable
 .rodata.APBPrescTable
                0x00000000080070dc        0x8 ./Core/Src/system_stm32l4xx.o
                0x00000000080070dc                APBPrescTable
 .rodata.MSIRangeTable
                0x00000000080070e4       0x30 ./Core/Src/system_stm32l4xx.o
                0x00000000080070e4                MSIRangeTable
                0x0000000008007114                . = ALIGN (0x4)

.ARM.extab      0x0000000008007114        0x0
                0x0000000008007114                . = ALIGN (0x4)
 *(.ARM.extab* .gnu.linkonce.armextab.*)
                0x0000000008007114                . = ALIGN (0x4)

.ARM            0x0000000008007114        0x8
                0x0000000008007114                . = ALIGN (0x4)
                0x0000000008007114                __exidx_start = .
 *(.ARM.exidx*)
 .ARM.exidx     0x0000000008007114        0x8 c:/st/stm32cubeide_1.11.0/stm32cubeide/plugins/com.st.stm32cube.ide.mcu.externaltools.gnu-tools-for-stm32.10.3-2021.10.win32_1.0.200.202301161003/tools/bin/../lib/gcc/arm-none-eabi/10.3.1/thumb/v7e-m+fp/hard\libgcc.a(_udivmoddi4.o)
                0x000000000800711c                __exidx_end = .
                0x000000000800711c                . = ALIGN (0x4)

.rel.dyn        0x000000000800711c        0x0
 .rel.iplt      0x000000000800711c        0x0 c:/st/stm32cubeide_1.11.0/stm32cubeide/plugins/com.st.stm32cube.ide.mcu.externaltools.gnu-tools-for-stm32.10.3-2021.10.win32_1.0.200.202301161003/tools/bin/../lib/gcc/arm-none-eabi/10.3.1/thumb/v7e-m+fp/hard/crtbegin.o

.preinit_array  0x000000000800711c        0x0
                0x000000000800711c                . = ALIGN (0x4)
                0x000000000800711c                PROVIDE (__preinit_array_start = .)
 *(.preinit_array*)
                0x000000000800711c                PROVIDE (__preinit_array_end = .)
                0x000000000800711c                . = ALIGN (0x4)

.init_array     0x000000000800711c        0x4
                0x000000000800711c                . = ALIGN (0x4)
                0x000000000800711c                PROVIDE (__init_array_start = .)
 *(SORT_BY_NAME(.init_array.*))
 *(.init_array*)
 .init_array    0x000000000800711c        0x4 c:/st/stm32cubeide_1.11.0/stm32cubeide/plugins/com.st.stm32cube.ide.mcu.externaltools.gnu-tools-for-stm32.10.3-2021.10.win32_1.0.200.202301161003/tools/bin/../lib/gcc/arm-none-eabi/10.3.1/thumb/v7e-m+fp/hard/crtbegin.o
                0x0000000008007120                PROVIDE (__init_array_end = .)
                0x0000000008007120                . = ALIGN (0x4)

.fini_array     0x0000000008007120        0x4
                0x0000000008007120                . = ALIGN (0x4)
                [!provide]                        PROVIDE (__fini_array_start = .)
 *(SORT_BY_NAME(.fini_array.*))
 *(.fini_array*)
 .fini_array    0x0000000008007120        0x4 c:/st/stm32cubeide_1.11.0/stm32cubeide/plugins/com.st.stm32cube.ide.mcu.externaltools.gnu-tools-for-stm32.10.3-2021.10.win32_1.0.200.202301161003/tools/bin/../lib/gcc/arm-none-eabi/10.3.1/thumb/v7e-m+fp/hard/crtbegin.o
                [!provide]                        PROVIDE (__fini_array_end = .)
                0x0000000008007124                . = ALIGN (0x4)
                0x0000000008007124                _sidata = LOADADDR (.data)

.data           0x0000000020000000        0xc load address 0x0000000008007124
                0x0000000020000000                . = ALIGN (0x4)
                0x0000000020000000                _sdata = .
 *(.data)
 *(.data*)
 .data.SystemCoreClock
                0x0000000020000000        0x4 ./Core/Src/system_stm32l4xx.o
                0x0000000020000000                SystemCoreClock
 .data.uwTickPrio
                0x0000000020000004        0x4 ./Drivers/STM32L4xx_HAL_Driver/Src/stm32l4xx_hal.o
                0x0000000020000004                uwTickPrio
 .data.uwTickFreq
                0x0000000020000008        0x1 ./Drivers/STM32L4xx_HAL_Driver/Src/stm32l4xx_hal.o
                0x0000000020000008                uwTickFreq
 *(.RamFunc)
 *(.RamFunc*)
                0x000000002000000c                . = ALIGN (0x4)
 *fill*         0x0000000020000009        0x3 
                0x000000002000000c                _edata = .

.igot.plt       0x000000002000000c        0x0 load address 0x0000000008007130
 .igot.plt      0x000000002000000c        0x0 c:/st/stm32cubeide_1.11.0/stm32cubeide/plugins/com.st.stm32cube.ide.mcu.externaltools.gnu-tools-for-stm32.10.3-2021.10.win32_1.0.200.202301161003/tools/bin/../lib/gcc/arm-none-eabi/10.3.1/thumb/v7e-m+fp/hard/crtbegin.o
                0x000000002000000c                . = ALIGN (0x4)

.bss            0x0000000020000010      0xf1c load address 0x0000000008007130
                0x0000000020000010                _sbss = .
                0x0000000020000010                __bss_start__ = _sbss
 *(.bss)
 .bss           0x0000000020000010       0x1c c:/st/stm32cubeide_1.11.0/stm32cubeide/plugins/com.st.stm32cube.ide.mcu.externaltools.gnu-tools-for-stm32.10.3-2021.10.win32_1.0.200.202301161003/tools/bin/../lib/gcc/arm-none-eabi/10.3.1/thumb/v7e-m+fp/hard/crtbegin.o
 *(.bss*)
 .bss.leds_buffer
                0x000000002000002c       0x61 ./Core/Src/led_ws2813b.o
                0x000000002000002c                leds_buffer
 *fill*         0x000000002000008d        0x3 
 .bss.rx_buffer
                0x0000000020000090      0x100 ./Core/Src/main.o
                0x0000000020000090                rx_buffer
 .bss.data_received
                0x0000000020000190        0x1 ./Core/Src/main.o
                0x0000000020000190                data_received
 *fill*         0x0000000020000191        0x7 
 .bss.lwjson.1  0x0000000020000198       0x30 ./Core/Src/main.o
 .bss.tokens.0  0x00000000200001c8      0xc00 ./Core/Src/main.o
 .bss.htim2     0x0000000020000dc8       0x4c ./Core/Src/tim.o
                0x0000000020000dc8                htim2
 .bss.hdma_tim2_ch1
                0x0000000020000e14       0x48 ./Core/Src/tim.o
                0x0000000020000e14                hdma_tim2_ch1
 .bss.huart2    0x0000000020000e5c       0x84 ./Core/Src/usart.o
                0x0000000020000e5c                huart2
 .bss.hdma_usart2_rx
                0x0000000020000ee0       0x48 ./Core/Src/usart.o
                0x0000000020000ee0                hdma_usart2_rx
 .bss.uwTick    0x0000000020000f28        0x4 ./Drivers/STM32L4xx_HAL_Driver/Src/stm32l4xx_hal.o
                0x0000000020000f28                uwTick
 *(COMMON)
                0x0000000020000f2c                . = ALIGN (0x4)
                0x0000000020000f2c                _ebss = .
                0x0000000020000f2c                __bss_end__ = _ebss

._user_heap_stack
                0x0000000020000f2c      0x604 load address 0x0000000008007130
                0x0000000020000f30                . = ALIGN (0x8)
 *fill*         0x0000000020000f2c        0x4 
                [!provide]                        PROVIDE (end = .)
                0x0000000020000f30                PROVIDE (_end = .)
                0x0000000020001130                . = (. + _Min_Heap_Size)
 *fill*         0x0000000020000f30      0x200 
                0x0000000020001530                . = (. + _Min_Stack_Size)
 *fill*         0x0000000020001130      0x400 
                0x0000000020001530                . = ALIGN (0x8)

/DISCARD/
 libc.a(*)
 libm.a(*)
 libgcc.a(*)

.ARM.attributes
                0x0000000000000000       0x30
 *(.ARM.attributes)
 .ARM.attributes
                0x0000000000000000       0x1e c:/st/stm32cubeide_1.11.0/stm32cubeide/plugins/com.st.stm32cube.ide.mcu.externaltools.gnu-tools-for-stm32.10.3-2021.10.win32_1.0.200.202301161003/tools/bin/../lib/gcc/arm-none-eabi/10.3.1/thumb/v7e-m+fp/hard/crti.o
 .ARM.attributes
                0x000000000000001e       0x34 c:/st/stm32cubeide_1.11.0/stm32cubeide/plugins/com.st.stm32cube.ide.mcu.externaltools.gnu-tools-for-stm32.10.3-2021.10.win32_1.0.200.202301161003/tools/bin/../lib/gcc/arm-none-eabi/10.3.1/thumb/v7e-m+fp/hard/crtbegin.o
 .ARM.attributes
                0x0000000000000052       0x34 ./Core/Src/dma.o
 .ARM.attributes
                0x0000000000000086       0x34 ./Core/Src/gpio.o
 .ARM.attributes
                0x00000000000000ba       0x34 ./Core/Src/led_ws2813b.o
 .ARM.attributes
                0x00000000000000ee       0x34 ./Core/Src/main.o
 .ARM.attributes
                0x0000000000000122       0x34 ./Core/Src/stm32l4xx_hal_msp.o
 .ARM.attributes
                0x0000000000000156       0x34 ./Core/Src/stm32l4xx_it.o
 .ARM.attributes
                0x000000000000018a       0x34 ./Core/Src/system_stm32l4xx.o
 .ARM.attributes
                0x00000000000001be       0x34 ./Core/Src/tim.o
 .ARM.attributes
                0x00000000000001f2       0x34 ./Core/Src/usart.o
 .ARM.attributes
                0x0000000000000226       0x21 ./Core/Startup/startup_stm32l476rgtx.o
 .ARM.attributes
                0x0000000000000247       0x34 ./Core/lwjson/src/lwjson/lwjson.o
 .ARM.attributes
                0x000000000000027b       0x34 ./Drivers/STM32L4xx_HAL_Driver/Src/stm32l4xx_hal.o
 .ARM.attributes
                0x00000000000002af       0x34 ./Drivers/STM32L4xx_HAL_Driver/Src/stm32l4xx_hal_cortex.o
 .ARM.attributes
                0x00000000000002e3       0x34 ./Drivers/STM32L4xx_HAL_Driver/Src/stm32l4xx_hal_dma.o
 .ARM.attributes
                0x0000000000000317       0x34 ./Drivers/STM32L4xx_HAL_Driver/Src/stm32l4xx_hal_gpio.o
 .ARM.attributes
                0x000000000000034b       0x34 ./Drivers/STM32L4xx_HAL_Driver/Src/stm32l4xx_hal_pwr_ex.o
 .ARM.attributes
                0x000000000000037f       0x34 ./Drivers/STM32L4xx_HAL_Driver/Src/stm32l4xx_hal_rcc.o
 .ARM.attributes
                0x00000000000003b3       0x34 ./Drivers/STM32L4xx_HAL_Driver/Src/stm32l4xx_hal_rcc_ex.o
 .ARM.attributes
                0x00000000000003e7       0x34 ./Drivers/STM32L4xx_HAL_Driver/Src/stm32l4xx_hal_tim.o
 .ARM.attributes
                0x000000000000041b       0x34 ./Drivers/STM32L4xx_HAL_Driver/Src/stm32l4xx_hal_tim_ex.o
 .ARM.attributes
                0x000000000000044f       0x34 ./Drivers/STM32L4xx_HAL_Driver/Src/stm32l4xx_hal_uart.o
 .ARM.attributes
                0x0000000000000483       0x34 ./Drivers/STM32L4xx_HAL_Driver/Src/stm32l4xx_hal_uart_ex.o
 .ARM.attributes
                0x00000000000004b7       0x34 c:/st/stm32cubeide_1.11.0/stm32cubeide/plugins/com.st.stm32cube.ide.mcu.externaltools.gnu-tools-for-stm32.10.3-2021.10.win32_1.0.200.202301161003/tools/bin/../lib/gcc/arm-none-eabi/10.3.1/../../../../arm-none-eabi/lib/thumb/v7e-m+fp/hard\libc_nano.a(lib_a-init.o)
 .ARM.attributes
                0x00000000000004eb       0x34 c:/st/stm32cubeide_1.11.0/stm32cubeide/plugins/com.st.stm32cube.ide.mcu.externaltools.gnu-tools-for-stm32.10.3-2021.10.win32_1.0.200.202301161003/tools/bin/../lib/gcc/arm-none-eabi/10.3.1/../../../../arm-none-eabi/lib/thumb/v7e-m+fp/hard\libc_nano.a(lib_a-memset.o)
 .ARM.attributes
                0x000000000000051f       0x17 c:/st/stm32cubeide_1.11.0/stm32cubeide/plugins/com.st.stm32cube.ide.mcu.externaltools.gnu-tools-for-stm32.10.3-2021.10.win32_1.0.200.202301161003/tools/bin/../lib/gcc/arm-none-eabi/10.3.1/../../../../arm-none-eabi/lib/thumb/v7e-m+fp/hard\libc_nano.a(lib_a-strlen.o)
 .ARM.attributes
                0x0000000000000536       0x34 c:/st/stm32cubeide_1.11.0/stm32cubeide/plugins/com.st.stm32cube.ide.mcu.externaltools.gnu-tools-for-stm32.10.3-2021.10.win32_1.0.200.202301161003/tools/bin/../lib/gcc/arm-none-eabi/10.3.1/../../../../arm-none-eabi/lib/thumb/v7e-m+fp/hard\libc_nano.a(lib_a-strncmp.o)
 .ARM.attributes
                0x000000000000056a       0x1e c:/st/stm32cubeide_1.11.0/stm32cubeide/plugins/com.st.stm32cube.ide.mcu.externaltools.gnu-tools-for-stm32.10.3-2021.10.win32_1.0.200.202301161003/tools/bin/../lib/gcc/arm-none-eabi/10.3.1/thumb/v7e-m+fp/hard\libgcc.a(_arm_addsubdf3.o)
 .ARM.attributes
                0x0000000000000588       0x1e c:/st/stm32cubeide_1.11.0/stm32cubeide/plugins/com.st.stm32cube.ide.mcu.externaltools.gnu-tools-for-stm32.10.3-2021.10.win32_1.0.200.202301161003/tools/bin/../lib/gcc/arm-none-eabi/10.3.1/thumb/v7e-m+fp/hard\libgcc.a(_aeabi_uldivmod.o)
 .ARM.attributes
                0x00000000000005a6       0x34 c:/st/stm32cubeide_1.11.0/stm32cubeide/plugins/com.st.stm32cube.ide.mcu.externaltools.gnu-tools-for-stm32.10.3-2021.10.win32_1.0.200.202301161003/tools/bin/../lib/gcc/arm-none-eabi/10.3.1/thumb/v7e-m+fp/hard\libgcc.a(_fixsfdi.o)
 .ARM.attributes
                0x00000000000005da       0x34 c:/st/stm32cubeide_1.11.0/stm32cubeide/plugins/com.st.stm32cube.ide.mcu.externaltools.gnu-tools-for-stm32.10.3-2021.10.win32_1.0.200.202301161003/tools/bin/../lib/gcc/arm-none-eabi/10.3.1/thumb/v7e-m+fp/hard\libgcc.a(_fixunssfdi.o)
 .ARM.attributes
                0x000000000000060e       0x34 c:/st/stm32cubeide_1.11.0/stm32cubeide/plugins/com.st.stm32cube.ide.mcu.externaltools.gnu-tools-for-stm32.10.3-2021.10.win32_1.0.200.202301161003/tools/bin/../lib/gcc/arm-none-eabi/10.3.1/thumb/v7e-m+fp/hard\libgcc.a(_udivmoddi4.o)
 .ARM.attributes
                0x0000000000000642       0x1e c:/st/stm32cubeide_1.11.0/stm32cubeide/plugins/com.st.stm32cube.ide.mcu.externaltools.gnu-tools-for-stm32.10.3-2021.10.win32_1.0.200.202301161003/tools/bin/../lib/gcc/arm-none-eabi/10.3.1/thumb/v7e-m+fp/hard\libgcc.a(_arm_muldf3.o)
 .ARM.attributes
                0x0000000000000660       0x1e c:/st/stm32cubeide_1.11.0/stm32cubeide/plugins/com.st.stm32cube.ide.mcu.externaltools.gnu-tools-for-stm32.10.3-2021.10.win32_1.0.200.202301161003/tools/bin/../lib/gcc/arm-none-eabi/10.3.1/thumb/v7e-m+fp/hard\libgcc.a(_dvmd_tls.o)
 .ARM.attributes
                0x000000000000067e       0x1e c:/st/stm32cubeide_1.11.0/stm32cubeide/plugins/com.st.stm32cube.ide.mcu.externaltools.gnu-tools-for-stm32.10.3-2021.10.win32_1.0.200.202301161003/tools/bin/../lib/gcc/arm-none-eabi/10.3.1/thumb/v7e-m+fp/hard\libgcc.a(_arm_fixunsdfsi.o)
 .ARM.attributes
                0x000000000000069c       0x1e c:/st/stm32cubeide_1.11.0/stm32cubeide/plugins/com.st.stm32cube.ide.mcu.externaltools.gnu-tools-for-stm32.10.3-2021.10.win32_1.0.200.202301161003/tools/bin/../lib/gcc/arm-none-eabi/10.3.1/thumb/v7e-m+fp/hard/crtn.o
OUTPUT(JSON_parser_via_UART_2.elf elf32-littlearm)
LOAD linker stubs
LOAD c:/st/stm32cubeide_1.11.0/stm32cubeide/plugins/com.st.stm32cube.ide.mcu.externaltools.gnu-tools-for-stm32.10.3-2021.10.win32_1.0.200.202301161003/tools/bin/../lib/gcc/arm-none-eabi/10.3.1/../../../../arm-none-eabi/lib/thumb/v7e-m+fp/hard\libc.a
LOAD c:/st/stm32cubeide_1.11.0/stm32cubeide/plugins/com.st.stm32cube.ide.mcu.externaltools.gnu-tools-for-stm32.10.3-2021.10.win32_1.0.200.202301161003/tools/bin/../lib/gcc/arm-none-eabi/10.3.1/../../../../arm-none-eabi/lib/thumb/v7e-m+fp/hard\libm.a
LOAD c:/st/stm32cubeide_1.11.0/stm32cubeide/plugins/com.st.stm32cube.ide.mcu.externaltools.gnu-tools-for-stm32.10.3-2021.10.win32_1.0.200.202301161003/tools/bin/../lib/gcc/arm-none-eabi/10.3.1/thumb/v7e-m+fp/hard\libgcc.a

.debug_info     0x0000000000000000    0x13e99
 .debug_info    0x0000000000000000      0x552 ./Core/Src/dma.o
 .debug_info    0x0000000000000552      0x756 ./Core/Src/gpio.o
 .debug_info    0x0000000000000ca8      0x98f ./Core/Src/led_ws2813b.o
 .debug_info    0x0000000000001637     0x1209 ./Core/Src/main.o
 .debug_info    0x0000000000002840      0x308 ./Core/Src/stm32l4xx_hal_msp.o
 .debug_info    0x0000000000002b48      0x7c5 ./Core/Src/stm32l4xx_it.o
 .debug_info    0x000000000000330d      0x5c6 ./Core/Src/system_stm32l4xx.o
 .debug_info    0x00000000000038d3      0xcb6 ./Core/Src/tim.o
 .debug_info    0x0000000000004589     0x100b ./Core/Src/usart.o
 .debug_info    0x0000000000005594       0x22 ./Core/Startup/startup_stm32l476rgtx.o
 .debug_info    0x00000000000055b6      0x93d ./Core/lwjson/src/lwjson/lwjson.o
 .debug_info    0x0000000000005ef3      0xc57 ./Drivers/STM32L4xx_HAL_Driver/Src/stm32l4xx_hal.o
 .debug_info    0x0000000000006b4a      0xe21 ./Drivers/STM32L4xx_HAL_Driver/Src/stm32l4xx_hal_cortex.o
 .debug_info    0x000000000000796b      0x76a ./Drivers/STM32L4xx_HAL_Driver/Src/stm32l4xx_hal_dma.o
 .debug_info    0x00000000000080d5      0x821 ./Drivers/STM32L4xx_HAL_Driver/Src/stm32l4xx_hal_gpio.o
 .debug_info    0x00000000000088f6      0x9f0 ./Drivers/STM32L4xx_HAL_Driver/Src/stm32l4xx_hal_pwr_ex.o
 .debug_info    0x00000000000092e6      0xced ./Drivers/STM32L4xx_HAL_Driver/Src/stm32l4xx_hal_rcc.o
 .debug_info    0x0000000000009fd3      0xe92 ./Drivers/STM32L4xx_HAL_Driver/Src/stm32l4xx_hal_rcc_ex.o
 .debug_info    0x000000000000ae65     0x2d04 ./Drivers/STM32L4xx_HAL_Driver/Src/stm32l4xx_hal_tim.o
 .debug_info    0x000000000000db69     0x17eb ./Drivers/STM32L4xx_HAL_Driver/Src/stm32l4xx_hal_tim_ex.o
 .debug_info    0x000000000000f354     0x3d0e ./Drivers/STM32L4xx_HAL_Driver/Src/stm32l4xx_hal_uart.o
 .debug_info    0x0000000000013062      0xe37 ./Drivers/STM32L4xx_HAL_Driver/Src/stm32l4xx_hal_uart_ex.o

.debug_abbrev   0x0000000000000000     0x2b74
 .debug_abbrev  0x0000000000000000       0xf8 ./Core/Src/dma.o
 .debug_abbrev  0x00000000000000f8      0x14f ./Core/Src/gpio.o
 .debug_abbrev  0x0000000000000247      0x239 ./Core/Src/led_ws2813b.o
 .debug_abbrev  0x0000000000000480      0x2d2 ./Core/Src/main.o
 .debug_abbrev  0x0000000000000752       0xc2 ./Core/Src/stm32l4xx_hal_msp.o
 .debug_abbrev  0x0000000000000814      0x166 ./Core/Src/stm32l4xx_it.o
 .debug_abbrev  0x000000000000097a      0x116 ./Core/Src/system_stm32l4xx.o
 .debug_abbrev  0x0000000000000a90      0x202 ./Core/Src/tim.o
 .debug_abbrev  0x0000000000000c92      0x203 ./Core/Src/usart.o
 .debug_abbrev  0x0000000000000e95       0x12 ./Core/Startup/startup_stm32l476rgtx.o
 .debug_abbrev  0x0000000000000ea7      0x26b ./Core/lwjson/src/lwjson/lwjson.o
 .debug_abbrev  0x0000000000001112      0x23a ./Drivers/STM32L4xx_HAL_Driver/Src/stm32l4xx_hal.o
 .debug_abbrev  0x000000000000134c      0x316 ./Drivers/STM32L4xx_HAL_Driver/Src/stm32l4xx_hal_cortex.o
 .debug_abbrev  0x0000000000001662      0x1d7 ./Drivers/STM32L4xx_HAL_Driver/Src/stm32l4xx_hal_dma.o
 .debug_abbrev  0x0000000000001839      0x1bb ./Drivers/STM32L4xx_HAL_Driver/Src/stm32l4xx_hal_gpio.o
 .debug_abbrev  0x00000000000019f4      0x1f3 ./Drivers/STM32L4xx_HAL_Driver/Src/stm32l4xx_hal_pwr_ex.o
 .debug_abbrev  0x0000000000001be7      0x2bd ./Drivers/STM32L4xx_HAL_Driver/Src/stm32l4xx_hal_rcc.o
 .debug_abbrev  0x0000000000001ea4      0x299 ./Drivers/STM32L4xx_HAL_Driver/Src/stm32l4xx_hal_rcc_ex.o
 .debug_abbrev  0x000000000000213d      0x264 ./Drivers/STM32L4xx_HAL_Driver/Src/stm32l4xx_hal_tim.o
 .debug_abbrev  0x00000000000023a1      0x26c ./Drivers/STM32L4xx_HAL_Driver/Src/stm32l4xx_hal_tim_ex.o
 .debug_abbrev  0x000000000000260d      0x2bc ./Drivers/STM32L4xx_HAL_Driver/Src/stm32l4xx_hal_uart.o
 .debug_abbrev  0x00000000000028c9      0x2ab ./Drivers/STM32L4xx_HAL_Driver/Src/stm32l4xx_hal_uart_ex.o

.debug_aranges  0x0000000000000000     0x1078
 .debug_aranges
                0x0000000000000000       0x20 ./Core/Src/dma.o
 .debug_aranges
                0x0000000000000020       0x20 ./Core/Src/gpio.o
 .debug_aranges
                0x0000000000000040       0x48 ./Core/Src/led_ws2813b.o
 .debug_aranges
                0x0000000000000088       0x40 ./Core/Src/main.o
 .debug_aranges
                0x00000000000000c8       0x20 ./Core/Src/stm32l4xx_hal_msp.o
 .debug_aranges
                0x00000000000000e8       0x80 ./Core/Src/stm32l4xx_it.o
 .debug_aranges
                0x0000000000000168       0x28 ./Core/Src/system_stm32l4xx.o
 .debug_aranges
                0x0000000000000190       0x38 ./Core/Src/tim.o
 .debug_aranges
                0x00000000000001c8       0x30 ./Core/Src/usart.o
 .debug_aranges
                0x00000000000001f8       0x28 ./Core/Startup/startup_stm32l476rgtx.o
 .debug_aranges
                0x0000000000000220       0x88 ./Core/lwjson/src/lwjson/lwjson.o
 .debug_aranges
                0x00000000000002a8      0x130 ./Drivers/STM32L4xx_HAL_Driver/Src/stm32l4xx_hal.o
 .debug_aranges
                0x00000000000003d8      0x118 ./Drivers/STM32L4xx_HAL_Driver/Src/stm32l4xx_hal_cortex.o
 .debug_aranges
                0x00000000000004f0       0x80 ./Drivers/STM32L4xx_HAL_Driver/Src/stm32l4xx_hal_dma.o
 .debug_aranges
                0x0000000000000570       0x58 ./Drivers/STM32L4xx_HAL_Driver/Src/stm32l4xx_hal_gpio.o
 .debug_aranges
                0x00000000000005c8      0x160 ./Drivers/STM32L4xx_HAL_Driver/Src/stm32l4xx_hal_pwr_ex.o
 .debug_aranges
                0x0000000000000728       0x90 ./Drivers/STM32L4xx_HAL_Driver/Src/stm32l4xx_hal_rcc.o
 .debug_aranges
                0x00000000000007b8       0xc0 ./Drivers/STM32L4xx_HAL_Driver/Src/stm32l4xx_hal_rcc_ex.o
 .debug_aranges
                0x0000000000000878      0x3e0 ./Drivers/STM32L4xx_HAL_Driver/Src/stm32l4xx_hal_tim.o
 .debug_aranges
                0x0000000000000c58      0x180 ./Drivers/STM32L4xx_HAL_Driver/Src/stm32l4xx_hal_tim_ex.o
 .debug_aranges
                0x0000000000000dd8      0x228 ./Drivers/STM32L4xx_HAL_Driver/Src/stm32l4xx_hal_uart.o
 .debug_aranges
                0x0000000000001000       0x78 ./Drivers/STM32L4xx_HAL_Driver/Src/stm32l4xx_hal_uart_ex.o

.debug_ranges   0x0000000000000000      0xf50
 .debug_ranges  0x0000000000000000       0x10 ./Core/Src/dma.o
 .debug_ranges  0x0000000000000010       0x10 ./Core/Src/gpio.o
 .debug_ranges  0x0000000000000020       0x38 ./Core/Src/led_ws2813b.o
 .debug_ranges  0x0000000000000058       0x30 ./Core/Src/main.o
 .debug_ranges  0x0000000000000088       0x10 ./Core/Src/stm32l4xx_hal_msp.o
 .debug_ranges  0x0000000000000098       0x70 ./Core/Src/stm32l4xx_it.o
 .debug_ranges  0x0000000000000108       0x18 ./Core/Src/system_stm32l4xx.o
 .debug_ranges  0x0000000000000120       0x28 ./Core/Src/tim.o
 .debug_ranges  0x0000000000000148       0x20 ./Core/Src/usart.o
 .debug_ranges  0x0000000000000168       0x20 ./Core/Startup/startup_stm32l476rgtx.o
 .debug_ranges  0x0000000000000188       0x78 ./Core/lwjson/src/lwjson/lwjson.o
 .debug_ranges  0x0000000000000200      0x120 ./Drivers/STM32L4xx_HAL_Driver/Src/stm32l4xx_hal.o
 .debug_ranges  0x0000000000000320      0x108 ./Drivers/STM32L4xx_HAL_Driver/Src/stm32l4xx_hal_cortex.o
 .debug_ranges  0x0000000000000428       0x70 ./Drivers/STM32L4xx_HAL_Driver/Src/stm32l4xx_hal_dma.o
 .debug_ranges  0x0000000000000498       0x48 ./Drivers/STM32L4xx_HAL_Driver/Src/stm32l4xx_hal_gpio.o
 .debug_ranges  0x00000000000004e0      0x150 ./Drivers/STM32L4xx_HAL_Driver/Src/stm32l4xx_hal_pwr_ex.o
 .debug_ranges  0x0000000000000630       0x80 ./Drivers/STM32L4xx_HAL_Driver/Src/stm32l4xx_hal_rcc.o
 .debug_ranges  0x00000000000006b0       0xb0 ./Drivers/STM32L4xx_HAL_Driver/Src/stm32l4xx_hal_rcc_ex.o
 .debug_ranges  0x0000000000000760      0x3d0 ./Drivers/STM32L4xx_HAL_Driver/Src/stm32l4xx_hal_tim.o
 .debug_ranges  0x0000000000000b30      0x170 ./Drivers/STM32L4xx_HAL_Driver/Src/stm32l4xx_hal_tim_ex.o
 .debug_ranges  0x0000000000000ca0      0x248 ./Drivers/STM32L4xx_HAL_Driver/Src/stm32l4xx_hal_uart.o
 .debug_ranges  0x0000000000000ee8       0x68 ./Drivers/STM32L4xx_HAL_Driver/Src/stm32l4xx_hal_uart_ex.o

.debug_macro    0x0000000000000000    0x26cca
 .debug_macro   0x0000000000000000      0x1d9 ./Core/Src/dma.o
 .debug_macro   0x00000000000001d9      0xa78 ./Core/Src/dma.o
 .debug_macro   0x0000000000000c51      0x1a7 ./Core/Src/dma.o
 .debug_macro   0x0000000000000df8       0x2e ./Core/Src/dma.o
 .debug_macro   0x0000000000000e26       0x28 ./Core/Src/dma.o
 .debug_macro   0x0000000000000e4e       0x22 ./Core/Src/dma.o
 .debug_macro   0x0000000000000e70       0x8e ./Core/Src/dma.o
 .debug_macro   0x0000000000000efe       0x51 ./Core/Src/dma.o
 .debug_macro   0x0000000000000f4f      0x103 ./Core/Src/dma.o
 .debug_macro   0x0000000000001052       0x6a ./Core/Src/dma.o
 .debug_macro   0x00000000000010bc      0x1df ./Core/Src/dma.o
 .debug_macro   0x000000000000129b       0x1c ./Core/Src/dma.o
 .debug_macro   0x00000000000012b7       0x22 ./Core/Src/dma.o
 .debug_macro   0x00000000000012d9       0xfb ./Core/Src/dma.o
 .debug_macro   0x00000000000013d4     0x1011 ./Core/Src/dma.o
 .debug_macro   0x00000000000023e5      0x11f ./Core/Src/dma.o
 .debug_macro   0x0000000000002504    0x1a17a ./Core/Src/dma.o
 .debug_macro   0x000000000001c67e       0x6d ./Core/Src/dma.o
 .debug_macro   0x000000000001c6eb     0x38e6 ./Core/Src/dma.o
 .debug_macro   0x000000000001ffd1      0x174 ./Core/Src/dma.o
 .debug_macro   0x0000000000020145       0x5c ./Core/Src/dma.o
 .debug_macro   0x00000000000201a1     0x159e ./Core/Src/dma.o
 .debug_macro   0x000000000002173f      0x5a5 ./Core/Src/dma.o
 .debug_macro   0x0000000000021ce4      0x1b9 ./Core/Src/dma.o
 .debug_macro   0x0000000000021e9d      0x18b ./Core/Src/dma.o
 .debug_macro   0x0000000000022028      0x26b ./Core/Src/dma.o
 .debug_macro   0x0000000000022293      0x23d ./Core/Src/dma.o
 .debug_macro   0x00000000000224d0      0x241 ./Core/Src/dma.o
 .debug_macro   0x0000000000022711      0x37c ./Core/Src/dma.o
 .debug_macro   0x0000000000022a8d       0xd6 ./Core/Src/dma.o
 .debug_macro   0x0000000000022b63      0x122 ./Core/Src/dma.o
 .debug_macro   0x0000000000022c85      0x3ef ./Core/Src/dma.o
 .debug_macro   0x0000000000023074      0xa91 ./Core/Src/dma.o
 .debug_macro   0x0000000000023b05      0x1e6 ./Core/Src/dma.o
 .debug_macro   0x0000000000023ceb      0x5ba ./Core/Src/dma.o
 .debug_macro   0x00000000000242a5       0x44 ./Core/Src/dma.o
 .debug_macro   0x00000000000242e9      0x330 ./Core/Src/dma.o
 .debug_macro   0x0000000000024619       0x5e ./Core/Src/dma.o
 .debug_macro   0x0000000000024677      0x1d9 ./Core/Src/gpio.o
 .debug_macro   0x0000000000024850      0x204 ./Core/Src/led_ws2813b.o
 .debug_macro   0x0000000000024a54       0x16 ./Core/Src/led_ws2813b.o
 .debug_macro   0x0000000000024a6a      0x303 ./Core/Src/main.o
 .debug_macro   0x0000000000024d6d       0x10 ./Core/Src/main.o
 .debug_macro   0x0000000000024d7d       0x2e ./Core/Src/main.o
 .debug_macro   0x0000000000024dab       0x34 ./Core/Src/main.o
 .debug_macro   0x0000000000024ddf       0x1c ./Core/Src/main.o
 .debug_macro   0x0000000000024dfb      0x1cf ./Core/Src/stm32l4xx_hal_msp.o
 .debug_macro   0x0000000000024fca      0x1d9 ./Core/Src/stm32l4xx_it.o
 .debug_macro   0x00000000000251a3      0x1c0 ./Core/Src/system_stm32l4xx.o
 .debug_macro   0x0000000000025363      0x1d9 ./Core/Src/tim.o
 .debug_macro   0x000000000002553c      0x1d9 ./Core/Src/usart.o
 .debug_macro   0x0000000000025715      0x158 ./Core/lwjson/src/lwjson/lwjson.o
 .debug_macro   0x000000000002586d      0x20e ./Drivers/STM32L4xx_HAL_Driver/Src/stm32l4xx_hal.o
 .debug_macro   0x0000000000025a7b      0x1c0 ./Drivers/STM32L4xx_HAL_Driver/Src/stm32l4xx_hal_cortex.o
 .debug_macro   0x0000000000025c3b      0x1c0 ./Drivers/STM32L4xx_HAL_Driver/Src/stm32l4xx_hal_dma.o
 .debug_macro   0x0000000000025dfb      0x1c7 ./Drivers/STM32L4xx_HAL_Driver/Src/stm32l4xx_hal_gpio.o
 .debug_macro   0x0000000000025fc2      0x1e4 ./Drivers/STM32L4xx_HAL_Driver/Src/stm32l4xx_hal_pwr_ex.o
 .debug_macro   0x00000000000261a6      0x202 ./Drivers/STM32L4xx_HAL_Driver/Src/stm32l4xx_hal_rcc.o
 .debug_macro   0x00000000000263a8      0x1f6 ./Drivers/STM32L4xx_HAL_Driver/Src/stm32l4xx_hal_rcc_ex.o
 .debug_macro   0x000000000002659e      0x1c1 ./Drivers/STM32L4xx_HAL_Driver/Src/stm32l4xx_hal_tim.o
 .debug_macro   0x000000000002675f      0x1c0 ./Drivers/STM32L4xx_HAL_Driver/Src/stm32l4xx_hal_tim_ex.o
 .debug_macro   0x000000000002691f      0x1eb ./Drivers/STM32L4xx_HAL_Driver/Src/stm32l4xx_hal_uart.o
 .debug_macro   0x0000000000026b0a      0x1c0 ./Drivers/STM32L4xx_HAL_Driver/Src/stm32l4xx_hal_uart_ex.o

.debug_line     0x0000000000000000    0x14f50
 .debug_line    0x0000000000000000      0x6c2 ./Core/Src/dma.o
 .debug_line    0x00000000000006c2      0x6e0 ./Core/Src/gpio.o
 .debug_line    0x0000000000000da2      0x7be ./Core/Src/led_ws2813b.o
 .debug_line    0x0000000000001560      0xb2d ./Core/Src/main.o
 .debug_line    0x000000000000208d      0x6c4 ./Core/Src/stm32l4xx_hal_msp.o
 .debug_line    0x0000000000002751      0x7e7 ./Core/Src/stm32l4xx_it.o
 .debug_line    0x0000000000002f38      0x75c ./Core/Src/system_stm32l4xx.o
 .debug_line    0x0000000000003694      0x78e ./Core/Src/tim.o
 .debug_line    0x0000000000003e22      0x76f ./Core/Src/usart.o
 .debug_line    0x0000000000004591       0x88 ./Core/Startup/startup_stm32l476rgtx.o
 .debug_line    0x0000000000004619     0x131b ./Core/lwjson/src/lwjson/lwjson.o
 .debug_line    0x0000000000005934      0xab5 ./Drivers/STM32L4xx_HAL_Driver/Src/stm32l4xx_hal.o
 .debug_line    0x00000000000063e9      0xc5b ./Drivers/STM32L4xx_HAL_Driver/Src/stm32l4xx_hal_cortex.o
 .debug_line    0x0000000000007044      0xc93 ./Drivers/STM32L4xx_HAL_Driver/Src/stm32l4xx_hal_dma.o
 .debug_line    0x0000000000007cd7      0xb28 ./Drivers/STM32L4xx_HAL_Driver/Src/stm32l4xx_hal_gpio.o
 .debug_line    0x00000000000087ff      0xcac ./Drivers/STM32L4xx_HAL_Driver/Src/stm32l4xx_hal_pwr_ex.o
 .debug_line    0x00000000000094ab      0xf2e ./Drivers/STM32L4xx_HAL_Driver/Src/stm32l4xx_hal_rcc.o
 .debug_line    0x000000000000a3d9     0x146d ./Drivers/STM32L4xx_HAL_Driver/Src/stm32l4xx_hal_rcc_ex.o
 .debug_line    0x000000000000b846     0x3d21 ./Drivers/STM32L4xx_HAL_Driver/Src/stm32l4xx_hal_tim.o
 .debug_line    0x000000000000f567     0x1bba ./Drivers/STM32L4xx_HAL_Driver/Src/stm32l4xx_hal_tim_ex.o
 .debug_line    0x0000000000011121     0x3232 ./Drivers/STM32L4xx_HAL_Driver/Src/stm32l4xx_hal_uart.o
 .debug_line    0x0000000000014353      0xbfd ./Drivers/STM32L4xx_HAL_Driver/Src/stm32l4xx_hal_uart_ex.o

.debug_str      0x0000000000000000    0xf228b
 .debug_str     0x0000000000000000    0xea208 ./Core/Src/dma.o
                                      0xea559 (size before relaxing)
 .debug_str     0x00000000000ea208       0xee ./Core/Src/gpio.o
                                      0xea62c (size before relaxing)
 .debug_str     0x00000000000ea2f6      0x688 ./Core/Src/led_ws2813b.o
                                      0xea62c (size before relaxing)
 .debug_str     0x00000000000ea97e     0x39af ./Core/Src/main.o
                                      0xedf54 (size before relaxing)
 .debug_str     0x00000000000ee32d       0x2c ./Core/Src/stm32l4xx_hal_msp.o
                                      0xea049 (size before relaxing)
 .debug_str     0x00000000000ee359      0x17f ./Core/Src/stm32l4xx_it.o
                                      0xea481 (size before relaxing)
 .debug_str     0x00000000000ee4d8       0xf2 ./Core/Src/system_stm32l4xx.o
                                      0xe9fce (size before relaxing)
 .debug_str     0x00000000000ee5ca      0x199 ./Core/Src/tim.o
                                      0xea7c7 (size before relaxing)
 .debug_str     0x00000000000ee763      0x2e9 ./Core/Src/usart.o
                                      0xead6d (size before relaxing)
 .debug_str     0x00000000000eea4c       0x36 ./Core/Startup/startup_stm32l476rgtx.o
                                         0x6b (size before relaxing)
 .debug_str     0x00000000000eea82      0x198 ./Core/lwjson/src/lwjson/lwjson.o
                                       0x759c (size before relaxing)
 .debug_str     0x00000000000eec1a      0x6a5 ./Drivers/STM32L4xx_HAL_Driver/Src/stm32l4xx_hal.o
                                      0xeabcd (size before relaxing)
 .debug_str     0x00000000000ef2bf      0x31d ./Drivers/STM32L4xx_HAL_Driver/Src/stm32l4xx_hal_cortex.o
                                      0xea815 (size before relaxing)
 .debug_str     0x00000000000ef5dc      0x224 ./Drivers/STM32L4xx_HAL_Driver/Src/stm32l4xx_hal_dma.o
                                      0xea238 (size before relaxing)
 .debug_str     0x00000000000ef800      0x10a ./Drivers/STM32L4xx_HAL_Driver/Src/stm32l4xx_hal_gpio.o
                                      0xea147 (size before relaxing)
 .debug_str     0x00000000000ef90a      0x4e3 ./Drivers/STM32L4xx_HAL_Driver/Src/stm32l4xx_hal_pwr_ex.o
                                      0xea529 (size before relaxing)
 .debug_str     0x00000000000efded      0x345 ./Drivers/STM32L4xx_HAL_Driver/Src/stm32l4xx_hal_rcc.o
                                      0xea614 (size before relaxing)
 .debug_str     0x00000000000f0132      0x3bf ./Drivers/STM32L4xx_HAL_Driver/Src/stm32l4xx_hal_rcc_ex.o
                                      0xea78d (size before relaxing)
 .debug_str     0x00000000000f04f1      0xdd1 ./Drivers/STM32L4xx_HAL_Driver/Src/stm32l4xx_hal_tim.o
                                      0xeb2fe (size before relaxing)
 .debug_str     0x00000000000f12c2      0x588 ./Drivers/STM32L4xx_HAL_Driver/Src/stm32l4xx_hal_tim_ex.o
                                      0xeac22 (size before relaxing)
 .debug_str     0x00000000000f184a      0x881 ./Drivers/STM32L4xx_HAL_Driver/Src/stm32l4xx_hal_uart.o
                                      0xeacfe (size before relaxing)
 .debug_str     0x00000000000f20cb      0x1c0 ./Drivers/STM32L4xx_HAL_Driver/Src/stm32l4xx_hal_uart_ex.o
                                      0xea510 (size before relaxing)

.comment        0x0000000000000000       0x50
 .comment       0x0000000000000000       0x50 ./Core/Src/dma.o
                                         0x51 (size before relaxing)
 .comment       0x0000000000000050       0x51 ./Core/Src/gpio.o
 .comment       0x0000000000000050       0x51 ./Core/Src/led_ws2813b.o
 .comment       0x0000000000000050       0x51 ./Core/Src/main.o
 .comment       0x0000000000000050       0x51 ./Core/Src/stm32l4xx_hal_msp.o
 .comment       0x0000000000000050       0x51 ./Core/Src/stm32l4xx_it.o
 .comment       0x0000000000000050       0x51 ./Core/Src/system_stm32l4xx.o
 .comment       0x0000000000000050       0x51 ./Core/Src/tim.o
 .comment       0x0000000000000050       0x51 ./Core/Src/usart.o
 .comment       0x0000000000000050       0x51 ./Core/lwjson/src/lwjson/lwjson.o
 .comment       0x0000000000000050       0x51 ./Drivers/STM32L4xx_HAL_Driver/Src/stm32l4xx_hal.o
 .comment       0x0000000000000050       0x51 ./Drivers/STM32L4xx_HAL_Driver/Src/stm32l4xx_hal_cortex.o
 .comment       0x0000000000000050       0x51 ./Drivers/STM32L4xx_HAL_Driver/Src/stm32l4xx_hal_dma.o
 .comment       0x0000000000000050       0x51 ./Drivers/STM32L4xx_HAL_Driver/Src/stm32l4xx_hal_gpio.o
 .comment       0x0000000000000050       0x51 ./Drivers/STM32L4xx_HAL_Driver/Src/stm32l4xx_hal_pwr_ex.o
 .comment       0x0000000000000050       0x51 ./Drivers/STM32L4xx_HAL_Driver/Src/stm32l4xx_hal_rcc.o
 .comment       0x0000000000000050       0x51 ./Drivers/STM32L4xx_HAL_Driver/Src/stm32l4xx_hal_rcc_ex.o
 .comment       0x0000000000000050       0x51 ./Drivers/STM32L4xx_HAL_Driver/Src/stm32l4xx_hal_tim.o
 .comment       0x0000000000000050       0x51 ./Drivers/STM32L4xx_HAL_Driver/Src/stm32l4xx_hal_tim_ex.o
 .comment       0x0000000000000050       0x51 ./Drivers/STM32L4xx_HAL_Driver/Src/stm32l4xx_hal_uart.o
 .comment       0x0000000000000050       0x51 ./Drivers/STM32L4xx_HAL_Driver/Src/stm32l4xx_hal_uart_ex.o

.debug_frame    0x0000000000000000     0x4518
 .debug_frame   0x0000000000000000       0x34 ./Core/Src/dma.o
 .debug_frame   0x0000000000000034       0x34 ./Core/Src/gpio.o
 .debug_frame   0x0000000000000068       0xe4 ./Core/Src/led_ws2813b.o
 .debug_frame   0x000000000000014c       0xb4 ./Core/Src/main.o
 .debug_frame   0x0000000000000200       0x38 ./Core/Src/stm32l4xx_hal_msp.o
 .debug_frame   0x0000000000000238      0x174 ./Core/Src/stm32l4xx_it.o
 .debug_frame   0x00000000000003ac       0x58 ./Core/Src/system_stm32l4xx.o
 .debug_frame   0x0000000000000404       0xa0 ./Core/Src/tim.o
 .debug_frame   0x00000000000004a4       0x78 ./Core/Src/usart.o
 .debug_frame   0x000000000000051c      0x218 ./Core/lwjson/src/lwjson/lwjson.o
 .debug_frame   0x0000000000000734      0x498 ./Drivers/STM32L4xx_HAL_Driver/Src/stm32l4xx_hal.o
 .debug_frame   0x0000000000000bcc      0x498 ./Drivers/STM32L4xx_HAL_Driver/Src/stm32l4xx_hal_cortex.o
 .debug_frame   0x0000000000001064      0x204 ./Drivers/STM32L4xx_HAL_Driver/Src/stm32l4xx_hal_dma.o
 .debug_frame   0x0000000000001268      0x14c ./Drivers/STM32L4xx_HAL_Driver/Src/stm32l4xx_hal_gpio.o
 .debug_frame   0x00000000000013b4      0x584 ./Drivers/STM32L4xx_HAL_Driver/Src/stm32l4xx_hal_pwr_ex.o
 .debug_frame   0x0000000000001938      0x21c ./Drivers/STM32L4xx_HAL_Driver/Src/stm32l4xx_hal_rcc.o
 .debug_frame   0x0000000000001b54      0x2fc ./Drivers/STM32L4xx_HAL_Driver/Src/stm32l4xx_hal_rcc_ex.o
 .debug_frame   0x0000000000001e50     0x121c ./Drivers/STM32L4xx_HAL_Driver/Src/stm32l4xx_hal_tim.o
 .debug_frame   0x000000000000306c      0x6b0 ./Drivers/STM32L4xx_HAL_Driver/Src/stm32l4xx_hal_tim_ex.o
 .debug_frame   0x000000000000371c      0x9f4 ./Drivers/STM32L4xx_HAL_Driver/Src/stm32l4xx_hal_uart.o
 .debug_frame   0x0000000000004110      0x1e0 ./Drivers/STM32L4xx_HAL_Driver/Src/stm32l4xx_hal_uart_ex.o
 .debug_frame   0x00000000000042f0       0x2c c:/st/stm32cubeide_1.11.0/stm32cubeide/plugins/com.st.stm32cube.ide.mcu.externaltools.gnu-tools-for-stm32.10.3-2021.10.win32_1.0.200.202301161003/tools/bin/../lib/gcc/arm-none-eabi/10.3.1/../../../../arm-none-eabi/lib/thumb/v7e-m+fp/hard\libc_nano.a(lib_a-init.o)
 .debug_frame   0x000000000000431c       0x20 c:/st/stm32cubeide_1.11.0/stm32cubeide/plugins/com.st.stm32cube.ide.mcu.externaltools.gnu-tools-for-stm32.10.3-2021.10.win32_1.0.200.202301161003/tools/bin/../lib/gcc/arm-none-eabi/10.3.1/../../../../arm-none-eabi/lib/thumb/v7e-m+fp/hard\libc_nano.a(lib_a-memset.o)
 .debug_frame   0x000000000000433c       0x28 c:/st/stm32cubeide_1.11.0/stm32cubeide/plugins/com.st.stm32cube.ide.mcu.externaltools.gnu-tools-for-stm32.10.3-2021.10.win32_1.0.200.202301161003/tools/bin/../lib/gcc/arm-none-eabi/10.3.1/../../../../arm-none-eabi/lib/thumb/v7e-m+fp/hard\libc_nano.a(lib_a-strncmp.o)
 .debug_frame   0x0000000000004364       0xac c:/st/stm32cubeide_1.11.0/stm32cubeide/plugins/com.st.stm32cube.ide.mcu.externaltools.gnu-tools-for-stm32.10.3-2021.10.win32_1.0.200.202301161003/tools/bin/../lib/gcc/arm-none-eabi/10.3.1/thumb/v7e-m+fp/hard\libgcc.a(_arm_addsubdf3.o)
 .debug_frame   0x0000000000004410       0x2c c:/st/stm32cubeide_1.11.0/stm32cubeide/plugins/com.st.stm32cube.ide.mcu.externaltools.gnu-tools-for-stm32.10.3-2021.10.win32_1.0.200.202301161003/tools/bin/../lib/gcc/arm-none-eabi/10.3.1/thumb/v7e-m+fp/hard\libgcc.a(_aeabi_uldivmod.o)
 .debug_frame   0x000000000000443c       0x28 c:/st/stm32cubeide_1.11.0/stm32cubeide/plugins/com.st.stm32cube.ide.mcu.externaltools.gnu-tools-for-stm32.10.3-2021.10.win32_1.0.200.202301161003/tools/bin/../lib/gcc/arm-none-eabi/10.3.1/thumb/v7e-m+fp/hard\libgcc.a(_fixsfdi.o)
 .debug_frame   0x0000000000004464       0x2c c:/st/stm32cubeide_1.11.0/stm32cubeide/plugins/com.st.stm32cube.ide.mcu.externaltools.gnu-tools-for-stm32.10.3-2021.10.win32_1.0.200.202301161003/tools/bin/../lib/gcc/arm-none-eabi/10.3.1/thumb/v7e-m+fp/hard\libgcc.a(_fixunssfdi.o)
 .debug_frame   0x0000000000004490       0x34 c:/st/stm32cubeide_1.11.0/stm32cubeide/plugins/com.st.stm32cube.ide.mcu.externaltools.gnu-tools-for-stm32.10.3-2021.10.win32_1.0.200.202301161003/tools/bin/../lib/gcc/arm-none-eabi/10.3.1/thumb/v7e-m+fp/hard\libgcc.a(_udivmoddi4.o)
 .debug_frame   0x00000000000044c4       0x30 c:/st/stm32cubeide_1.11.0/stm32cubeide/plugins/com.st.stm32cube.ide.mcu.externaltools.gnu-tools-for-stm32.10.3-2021.10.win32_1.0.200.202301161003/tools/bin/../lib/gcc/arm-none-eabi/10.3.1/thumb/v7e-m+fp/hard\libgcc.a(_arm_muldf3.o)
 .debug_frame   0x00000000000044f4       0x24 c:/st/stm32cubeide_1.11.0/stm32cubeide/plugins/com.st.stm32cube.ide.mcu.externaltools.gnu-tools-for-stm32.10.3-2021.10.win32_1.0.200.202301161003/tools/bin/../lib/gcc/arm-none-eabi/10.3.1/thumb/v7e-m+fp/hard\libgcc.a(_arm_fixunsdfsi.o)
